******************************************************************************
             TMS320C2000 Linker PC v21.6.0                     
******************************************************************************
>> Linked Mon Feb 28 16:38:41 2022

OUTPUT FILE NAME:   <epwm_ex8_deadband.out>
ENTRY POINT SYMBOL: "code_start"  address: 00000000


MEMORY CONFIGURATION

         name            origin    length      used     unused   attr    fill
----------------------  --------  ---------  --------  --------  ----  --------
PAGE 0:
  BEGIN                 00000000   00000002  00000002  00000000  RWIX
  RAMM0                 000000f6   0000030a  00000036  000002d4  RWIX
  RAMLS0                00008000   00000800  00000800  00000000  RWIX
  RAMLS1                00008800   00000800  00000536  000002ca  RWIX
  RAMLS2                00009000   00000800  00000000  00000800  RWIX
  RAMLS3                00009800   00000800  00000000  00000800  RWIX
  RAMLS4                0000a000   00000800  00000000  00000800  RWIX
  FLASH_BANK0_SEC0      00080000   00001000  00000000  00001000  RWIX
  FLASH_BANK0_SEC1      00081000   00001000  00000000  00001000  RWIX
  FLASH_BANK0_SEC2      00082000   00001000  00000000  00001000  RWIX
  FLASH_BANK0_SEC3      00083000   00001000  00000000  00001000  RWIX
  FLASH_BANK0_SEC4      00084000   00001000  00000000  00001000  RWIX
  FLASH_BANK0_SEC5      00085000   00001000  00000000  00001000  RWIX
  FLASH_BANK0_SEC6      00086000   00001000  00000000  00001000  RWIX
  FLASH_BANK0_SEC7      00087000   00001000  00000000  00001000  RWIX
  FLASH_BANK0_SEC8      00088000   00001000  00000000  00001000  RWIX
  FLASH_BANK0_SEC9      00089000   00001000  00000000  00001000  RWIX
  FLASH_BANK0_SEC10     0008a000   00001000  00000000  00001000  RWIX
  FLASH_BANK0_SEC11     0008b000   00001000  00000000  00001000  RWIX
  FLASH_BANK0_SEC12     0008c000   00001000  00000000  00001000  RWIX
  FLASH_BANK0_SEC13     0008d000   00001000  00000000  00001000  RWIX
  FLASH_BANK0_SEC14     0008e000   00001000  00000000  00001000  RWIX
  FLASH_BANK0_SEC15     0008f000   00001000  00000000  00001000  RWIX
  FLASH_BANK1_SEC0      00090000   00001000  00000000  00001000  RWIX
  FLASH_BANK1_SEC1      00091000   00001000  00000000  00001000  RWIX
  FLASH_BANK1_SEC2      00092000   00001000  00000000  00001000  RWIX
  FLASH_BANK1_SEC3      00093000   00001000  00000000  00001000  RWIX
  FLASH_BANK1_SEC4      00094000   00001000  00000000  00001000  RWIX
  FLASH_BANK1_SEC5      00095000   00001000  00000000  00001000  RWIX
  FLASH_BANK1_SEC6      00096000   00001000  00000000  00001000  RWIX
  FLASH_BANK1_SEC7      00097000   00001000  00000000  00001000  RWIX
  FLASH_BANK1_SEC8      00098000   00001000  00000000  00001000  RWIX
  FLASH_BANK1_SEC9      00099000   00001000  00000000  00001000  RWIX
  FLASH_BANK1_SEC10     0009a000   00001000  00000000  00001000  RWIX
  FLASH_BANK1_SEC11     0009b000   00001000  00000000  00001000  RWIX
  FLASH_BANK1_SEC12     0009c000   00001000  00000000  00001000  RWIX
  FLASH_BANK1_SEC13     0009d000   00001000  00000000  00001000  RWIX
  FLASH_BANK1_SEC14     0009e000   00001000  00000000  00001000  RWIX
  FLASH_BANK1_SEC15     0009f000   00001000  00000000  00001000  RWIX
  RESET                 003fffc0   00000002  00000000  00000002  RWIX

PAGE 1:
  BOOT_RSVD             00000002   000000f1  00000000  000000f1  RWIX
  RAMM1                 00000400   000003f8  000003f8  00000000  RWIX
  RAMLS5                0000a800   00000800  00000197  00000669  RWIX
  RAMLS6                0000b000   00000800  00000000  00000800  RWIX
  RAMLS7                0000b800   00000800  00000000  00000800  RWIX
  RAMGS0                0000c000   00002000  00000000  00002000  RWIX
  RAMGS1                0000e000   00002000  00000000  00002000  RWIX
  RAMGS2                00010000   00002000  00000000  00002000  RWIX
  RAMGS3                00012000   00001ff8  00000000  00001ff8  RWIX


SECTION ALLOCATION MAP

 output                                  attributes/
section   page    origin      length       input sections
--------  ----  ----------  ----------   ----------------
codestart 
*          0    00000000    00000002     
                  00000000    00000002     f28004x_codestartbranch.obj (codestart)

.cinit     0    000000f6    00000032     
                  000000f6    0000000e     epwm_ex8_deadband.obj (.cinit)
                  00000104    0000000e     rts2800_fpu32.lib : exit.c.obj (.cinit)
                  00000112    0000000a     device.obj (.cinit)
                  0000011c    00000005     rts2800_fpu32.lib : _lock.c.obj (.cinit:__lock)
                  00000121    00000005                       : _lock.c.obj (.cinit:__unlock)
                  00000126    00000002     --HOLE-- [fill = 0]

.TI.ramfunc 
*          0    00000128    00000004     
                  00000128    00000004     driverlib_coff.lib : sysctl.obj (.TI.ramfunc)

.reset     0    003fffc0    00000002     DSECT
                  003fffc0    00000002     rts2800_fpu32.lib : boot28.asm.obj (.reset)

.stack     1    00000400    000003f8     UNINITIALIZED
                  00000400    000003f8     --HOLE--

.pinit     0    000000f6    00000000     UNINITIALIZED

.econst    1    0000a800    00000183     
                  0000a800    0000009a     driverlib_coff.lib : sysctl.obj (.econst:.string)
                  0000a89a    00000098                        : gpio.obj (.econst:.string)
                  0000a932    00000051                        : interrupt.obj (.econst:.string)

.ebss      1    0000a984    00000014     UNINITIALIZED
                  0000a984    00000006     epwm_ex8_deadband.obj (.ebss)
                  0000a98a    00000006     rts2800_fpu32.lib : exit.c.obj (.ebss)
                  0000a990    00000004     device.obj (.ebss)
                  0000a994    00000002     rts2800_fpu32.lib : _lock.c.obj (.ebss:__lock)
                  0000a996    00000002                       : _lock.c.obj (.ebss:__unlock)

.text.1    0    00008000    00000800     
                  00008000    00000478     epwm_ex8_deadband.obj (.text)
                  00008478    00000189     device.obj (.text)
                  00008601    000000c7     driverlib_coff.lib : sysctl.obj (.text:_SysCtl_setClock)
                  000086c8    000000c0                        : sysctl.obj (.text:_SysCtl_isPLLValid)
                  00008788    0000005b                        : sysctl.obj (.text:_SysCtl_selectOscSource)
                  000087e3    0000001d                        : sysctl.obj (.text:_DCC_setCounter0ClkSource)

.text.2    0    00008800    00000536     
                  00008800    0000007a     driverlib_coff.lib : sysctl.obj (.text:_DCC_setCounterSeeds)
                  0000887a    00000056     rts2800_fpu32.lib : boot28.asm.obj (.text)
                  000088d0    00000052     driverlib_coff.lib : gpio.obj (.text:_GPIO_setPadConfig)
                  00008922    00000045     board.obj (.text)
                  00008967    0000003e     epwm_ex8_deadband.obj (.text:retain)
                  000089a5    0000003d     driverlib_coff.lib : interrupt.obj (.text:_Interrupt_initModule)
                  000089e2    0000003b                        : gpio.obj (.text:_GPIO_setAnalogMode)
                  00008a1d    00000037                        : gpio.obj (.text:_GPIO_setPinConfig)
                  00008a54    00000034                        : interrupt.obj (.text:_Interrupt_enable)
                  00008a88    00000031                        : gpio.obj (.text:_GPIO_setDirectionMode)
                  00008ab9    00000029     rts2800_fpu32.lib : exit.c.obj (.text)
                  00008ae2    00000026     driverlib_coff.lib : sysctl.obj (.text:_SysCtl_pollX1Counter)
                  00008b08    00000025                        : sysctl.obj (.text:_DCC_enableSingleShotMode)
                  00008b2d    00000024                        : sysctl.obj (.text:_SysCtl_selectXTAL)
                  00008b51    00000024     rts2800_fpu32.lib : cpy_tbl.c.obj (.text)
                  00008b75    0000001f     driverlib_coff.lib : sysctl.obj (.text:_DCC_setCounter1ClkSource)
                  00008b94    0000001e                        : interrupt.obj (.text:_Interrupt_initVectorTable)
                  00008bb2    0000001d     rts2800_fpu32.lib : memcpy.c.obj (.text)
                  00008bcf    0000001a     driverlib_coff.lib : sysctl.obj (.text:_SysCtl_selectXTALSingleEnded)
                  00008be9    00000017                        : sysctl.obj (.text:_DCC_disableDoneSignal)
                  00008c00    00000017                        : sysctl.obj (.text:_DCC_enableDoneSignal)
                  00008c17    00000017                        : sysctl.obj (.text:_SysCtl_enablePeripheral)
                  00008c2e    00000016                        : sysctl.obj (.text:_DCC_clearDoneFlag)
                  00008c44    00000016                        : sysctl.obj (.text:_DCC_clearErrorFlag)
                  00008c5a    00000016                        : sysctl.obj (.text:_DCC_disableErrorSignal)
                  00008c70    00000016                        : sysctl.obj (.text:_DCC_enableErrorSignal)
                  00008c86    00000014                        : sysctl.obj (.text:_DCC_disableModule)
                  00008c9a    00000014                        : sysctl.obj (.text:_DCC_enableModule)
                  00008cae    00000014                        : gpio.obj (.text:_GPIO_isPinValid)
                  00008cc2    00000012     rts2800_fpu32.lib : args_main.c.obj (.text)
                  00008cd4    00000010     driverlib_coff.lib : sysctl.obj (.text:_DCC_isBaseValid)
                  00008ce4    0000000e                        : interrupt.obj (.text:_Interrupt_defaultHandler)
                  00008cf2    0000000d                        : interrupt.obj (.text:_Interrupt_disableMaster)
                  00008cff    0000000d                        : interrupt.obj (.text:_Interrupt_enableMaster)
                  00008d0c    0000000b                        : sysctl.obj (.text:_SysCtl_isMCDClockFailureDetected)
                  00008d17    00000009     rts2800_fpu32.lib : _lock.c.obj (.text)
                  00008d20    00000008     f28004x_codestartbranch.obj (.text)
                  00008d28    00000007     driverlib_coff.lib : sysctl.obj (.text:_SysCtl_resetMCD)
                  00008d2f    00000002                        : interrupt.obj (.text:_Interrupt_illegalOperationHandler)
                  00008d31    00000002                        : interrupt.obj (.text:_Interrupt_nmiHandler)
                  00008d33    00000002     rts2800_fpu32.lib : pre_init.c.obj (.text)
                  00008d35    00000001                       : startup.c.obj (.text)

MODULE SUMMARY

       Module                        code   initialized data   uninitialized data
       ------                        ----   ----------------   ------------------
    .\
       epwm_ex8_deadband.obj         1206   14                 6                 
    +--+-----------------------------+------+------------------+--------------------+
       Total:                        1206   14                 6                 
                                                                                 
    .\device\
       device.obj                    393    10                 4                 
       f28004x_codestartbranch.obj   10     0                  0                 
    +--+-----------------------------+------+------------------+--------------------+
       Total:                        403    10                 4                 
                                                                                 
    .\syscfg\
       board.obj                     69     0                  0                 
    +--+-----------------------------+------+------------------+--------------------+
       Total:                        69     0                  0                 
                                                                                 
    C:\ti\C2000Ware_4_00_00_00\driverlib\f28004x\driverlib\ccs\Debug\driverlib_coff.lib
       sysctl.obj                    1036   154                0                 
       gpio.obj                      265    152                0                 
       interrupt.obj                 187    81                 0                 
    +--+-----------------------------+------+------------------+--------------------+
       Total:                        1488   387                0                 
                                                                                 
    D:\Programs\ti\ccs\tools\compiler\ti-cgt-c2000_21.6.0.LTS\lib\rts2800_fpu32.lib
       boot28.asm.obj                86     0                  0                 
       exit.c.obj                    41     14                 6                 
       cpy_tbl.c.obj                 36     0                  0                 
       memcpy.c.obj                  29     0                  0                 
       _lock.c.obj                   9      10                 4                 
       args_main.c.obj               18     0                  0                 
       pre_init.c.obj                2      0                  0                 
       startup.c.obj                 1      0                  0                 
    +--+-----------------------------+------+------------------+--------------------+
       Total:                        222    24                 10                
                                                                                 
       Stack:                        0      0                  1016              
    +--+-----------------------------+------+------------------+--------------------+
       Grand Total:                  3388   435                1036              


GLOBAL DATA SYMBOLS: SORTED BY DATA PAGE

address     data page           name
--------    ----------------    ----
00000400      10 (00000400)     __stack

0000a984     2a6 (0000a980)     _adcResult
0000a986     2a6 (0000a980)     _EPWM_TIMER_TBPRD
0000a988     2a6 (0000a980)     _duty_cycle
0000a98a     2a6 (0000a980)     ___TI_enable_exit_profile_output
0000a98c     2a6 (0000a980)     ___TI_cleanup_ptr
0000a98e     2a6 (0000a980)     ___TI_dtors_ptr
0000a990     2a6 (0000a980)     _Example_PassCount
0000a992     2a6 (0000a980)     _Example_Fail
0000a994     2a6 (0000a980)     __lock
0000a996     2a6 (0000a980)     __unlock


GLOBAL SYMBOLS: SORTED ALPHABETICALLY BY Name 

page  address   name                             
----  -------   ----                             
abs   ffffffff  .text                            
0     00008ab9  C$$EXIT                          
0     00008922  _Board_init                      
0     0000850a  _Device_enableAllPeripherals     
0     000084dd  _Device_init                     
0     000085ea  _Device_initGPIO                 
1     0000a986  _EPWM_TIMER_TBPRD                
0     00008966  _EPWM_init                       
1     0000a992  _Example_Fail                    
1     0000a990  _Example_PassCount               
0     000089e2  _GPIO_setAnalogMode              
0     00008a88  _GPIO_setDirectionMode           
0     000088d0  _GPIO_setPadConfig               
0     00008a1d  _GPIO_setPinConfig               
0     00008a54  _Interrupt_enable                
0     000089a5  _Interrupt_initModule            
0     00008b94  _Interrupt_initVectorTable       
0     00008929  _PinMux_init                     
0     00000128  _SysCtl_delay                    
0     000086c8  _SysCtl_isPLLValid               
0     00008788  _SysCtl_selectOscSource          
0     00008b2d  _SysCtl_selectXTAL               
0     00008bcf  _SysCtl_selectXTALSingleEnded    
0     00008601  _SysCtl_setClock                 
1     000007f8  __STACK_END                      
abs   000003f8  __STACK_SIZE                     
1     0000a98c  ___TI_cleanup_ptr                
1     0000a98e  ___TI_dtors_ptr                  
1     0000a98a  ___TI_enable_exit_profile_output 
abs   ffffffff  ___TI_pprof_out_hndl             
abs   ffffffff  ___TI_prof_data_size             
abs   ffffffff  ___TI_prof_data_start            
abs   ffffffff  ___binit__                       
abs   ffffffff  ___c_args__                      
0     000000f6  ___cinit__                       
0     000085fa  ___error__                       
abs   ffffffff  ___etext__                       
abs   ffffffff  ___pinit__                       
abs   ffffffff  ___text__                        
0     00008cc2  __args_main                      
1     0000a994  __lock                           
0     00008d1f  __nop                            
0     00008d1b  __register_lock                  
0     00008d17  __register_unlock                
1     00000400  __stack                          
0     00008d35  __system_post_cinit              
0     00008d33  __system_pre_init                
1     0000a996  __unlock                         
0     00008ab9  _abort                           
0     00008967  _adcA1ISR                        
1     0000a984  _adcResult                       
0     0000887a  _c_int00                         
0     00008b51  _copy_in                         
1     0000a988  _duty_cycle                      
0     00008abb  _exit                            
0     0000840d  _initEPWMWithoutDB               
0     0000827e  _main                            
0     00008bb2  _memcpy                          
0     0000834a  _setupEPWMActiveHigh             
0     000083ab  _setupEPWMActiveHighComplementary
0     000083dc  _setupEPWMActiveLow              
0     0000837a  _setupEPWMActiveLowComplementary 
0     00008334  _setupEPWMOutputSwap             
abs   ffffffff  binit                            
0     000000f6  cinit                            
0     00000000  code_start                       
abs   ffffffff  etext                            
abs   ffffffff  pinit                            


GLOBAL SYMBOLS: SORTED BY Symbol Address 

page  address   name                             
----  -------   ----                             
0     00000000  code_start                       
0     000000f6  ___cinit__                       
0     000000f6  cinit                            
0     00000128  _SysCtl_delay                    
0     0000827e  _main                            
0     00008334  _setupEPWMOutputSwap             
0     0000834a  _setupEPWMActiveHigh             
0     0000837a  _setupEPWMActiveLowComplementary 
0     000083ab  _setupEPWMActiveHighComplementary
0     000083dc  _setupEPWMActiveLow              
0     0000840d  _initEPWMWithoutDB               
0     000084dd  _Device_init                     
0     0000850a  _Device_enableAllPeripherals     
0     000085ea  _Device_initGPIO                 
0     000085fa  ___error__                       
0     00008601  _SysCtl_setClock                 
0     000086c8  _SysCtl_isPLLValid               
0     00008788  _SysCtl_selectOscSource          
0     0000887a  _c_int00                         
0     000088d0  _GPIO_setPadConfig               
0     00008922  _Board_init                      
0     00008929  _PinMux_init                     
0     00008966  _EPWM_init                       
0     00008967  _adcA1ISR                        
0     000089a5  _Interrupt_initModule            
0     000089e2  _GPIO_setAnalogMode              
0     00008a1d  _GPIO_setPinConfig               
0     00008a54  _Interrupt_enable                
0     00008a88  _GPIO_setDirectionMode           
0     00008ab9  C$$EXIT                          
0     00008ab9  _abort                           
0     00008abb  _exit                            
0     00008b2d  _SysCtl_selectXTAL               
0     00008b51  _copy_in                         
0     00008b94  _Interrupt_initVectorTable       
0     00008bb2  _memcpy                          
0     00008bcf  _SysCtl_selectXTALSingleEnded    
0     00008cc2  __args_main                      
0     00008d17  __register_unlock                
0     00008d1b  __register_lock                  
0     00008d1f  __nop                            
0     00008d33  __system_pre_init                
0     00008d35  __system_post_cinit              
1     00000400  __stack                          
1     000007f8  __STACK_END                      
1     0000a984  _adcResult                       
1     0000a986  _EPWM_TIMER_TBPRD                
1     0000a988  _duty_cycle                      
1     0000a98a  ___TI_enable_exit_profile_output 
1     0000a98c  ___TI_cleanup_ptr                
1     0000a98e  ___TI_dtors_ptr                  
1     0000a990  _Example_PassCount               
1     0000a992  _Example_Fail                    
1     0000a994  __lock                           
1     0000a996  __unlock                         
abs   000003f8  __STACK_SIZE                     
abs   ffffffff  .text                            
abs   ffffffff  ___TI_pprof_out_hndl             
abs   ffffffff  ___TI_prof_data_size             
abs   ffffffff  ___TI_prof_data_start            
abs   ffffffff  ___binit__                       
abs   ffffffff  ___c_args__                      
abs   ffffffff  ___etext__                       
abs   ffffffff  ___pinit__                       
abs   ffffffff  ___text__                        
abs   ffffffff  binit                            
abs   ffffffff  etext                            
abs   ffffffff  pinit                            

[68 symbols]
