******************************************************************************
             TMS320C2000 Linker PC v21.6.0                     
******************************************************************************
>> Linked Fri Mar  4 12:07:39 2022

OUTPUT FILE NAME:   <epwm_ex8_deadband.out>
ENTRY POINT SYMBOL: "code_start"  address: 00000000


MEMORY CONFIGURATION

         name            origin    length      used     unused   attr    fill
----------------------  --------  ---------  --------  --------  ----  --------
PAGE 0:
  BEGIN                 00000000   00000002  00000002  00000000  RWIX
  RAMM0                 000000f6   0000030a  0000003e  000002cc  RWIX
  RAMLS0                00008000   00000800  00000800  00000000  RWIX
  RAMLS1                00008800   00000800  0000070e  000000f2  RWIX
  RAMLS2                00009000   00000800  00000000  00000800  RWIX
  RAMLS3                00009800   00000800  00000000  00000800  RWIX
  RAMLS4                0000a000   00000800  00000000  00000800  RWIX
  FLASH_BANK0_SEC0      00080000   00001000  00000000  00001000  RWIX
  FLASH_BANK0_SEC1      00081000   00001000  00000000  00001000  RWIX
  FLASH_BANK0_SEC2      00082000   00001000  00000000  00001000  RWIX
  FLASH_BANK0_SEC3      00083000   00001000  00000000  00001000  RWIX
  FLASH_BANK0_SEC4      00084000   00001000  00000000  00001000  RWIX
  FLASH_BANK0_SEC5      00085000   00001000  00000000  00001000  RWIX
  FLASH_BANK0_SEC6      00086000   00001000  00000000  00001000  RWIX
  FLASH_BANK0_SEC7      00087000   00001000  00000000  00001000  RWIX
  FLASH_BANK0_SEC8      00088000   00001000  00000000  00001000  RWIX
  FLASH_BANK0_SEC9      00089000   00001000  00000000  00001000  RWIX
  FLASH_BANK0_SEC10     0008a000   00001000  00000000  00001000  RWIX
  FLASH_BANK0_SEC11     0008b000   00001000  00000000  00001000  RWIX
  FLASH_BANK0_SEC12     0008c000   00001000  00000000  00001000  RWIX
  FLASH_BANK0_SEC13     0008d000   00001000  00000000  00001000  RWIX
  FLASH_BANK0_SEC14     0008e000   00001000  00000000  00001000  RWIX
  FLASH_BANK0_SEC15     0008f000   00001000  00000000  00001000  RWIX
  FLASH_BANK1_SEC0      00090000   00001000  00000000  00001000  RWIX
  FLASH_BANK1_SEC1      00091000   00001000  00000000  00001000  RWIX
  FLASH_BANK1_SEC2      00092000   00001000  00000000  00001000  RWIX
  FLASH_BANK1_SEC3      00093000   00001000  00000000  00001000  RWIX
  FLASH_BANK1_SEC4      00094000   00001000  00000000  00001000  RWIX
  FLASH_BANK1_SEC5      00095000   00001000  00000000  00001000  RWIX
  FLASH_BANK1_SEC6      00096000   00001000  00000000  00001000  RWIX
  FLASH_BANK1_SEC7      00097000   00001000  00000000  00001000  RWIX
  FLASH_BANK1_SEC8      00098000   00001000  00000000  00001000  RWIX
  FLASH_BANK1_SEC9      00099000   00001000  00000000  00001000  RWIX
  FLASH_BANK1_SEC10     0009a000   00001000  00000000  00001000  RWIX
  FLASH_BANK1_SEC11     0009b000   00001000  00000000  00001000  RWIX
  FLASH_BANK1_SEC12     0009c000   00001000  00000000  00001000  RWIX
  FLASH_BANK1_SEC13     0009d000   00001000  00000000  00001000  RWIX
  FLASH_BANK1_SEC14     0009e000   00001000  00000000  00001000  RWIX
  FLASH_BANK1_SEC15     0009f000   00001000  00000000  00001000  RWIX
  RESET                 003fffc0   00000002  00000000  00000002  RWIX

PAGE 1:
  BOOT_RSVD             00000002   000000f1  00000000  000000f1  RWIX
  RAMM1                 00000400   000003f8  000003f8  00000000  RWIX
  RAMLS5                0000a800   00000800  000001e5  0000061b  RWIX
  RAMLS6                0000b000   00000800  00000000  00000800  RWIX
  RAMLS7                0000b800   00000800  00000000  00000800  RWIX
  RAMGS0                0000c000   00002000  00000000  00002000  RWIX
  RAMGS1                0000e000   00002000  00000000  00002000  RWIX
  RAMGS2                00010000   00002000  00000000  00002000  RWIX
  RAMGS3                00012000   00001ff8  00000000  00001ff8  RWIX


SECTION ALLOCATION MAP

 output                                  attributes/
section   page    origin      length       input sections
--------  ----  ----------  ----------   ----------------
codestart 
*          0    00000000    00000002     
                  00000000    00000002     f28004x_codestartbranch.obj (codestart)

.cinit     0    000000f6    0000003a     
                  000000f6    00000016     epwm_ex8_deadband.obj (.cinit)
                  0000010c    0000000e     rts2800_fpu32.lib : exit.c.obj (.cinit)
                  0000011a    0000000a     device.obj (.cinit)
                  00000124    00000005     rts2800_fpu32.lib : _lock.c.obj (.cinit:__lock)
                  00000129    00000005                       : _lock.c.obj (.cinit:__unlock)
                  0000012e    00000002     --HOLE-- [fill = 0]

.TI.ramfunc 
*          0    00000130    00000004     
                  00000130    00000004     driverlib_coff.lib : sysctl.obj (.TI.ramfunc)

.reset     0    003fffc0    00000002     DSECT
                  003fffc0    00000002     rts2800_fpu32.lib : boot28.asm.obj (.reset)

.stack     1    00000400    000003f8     UNINITIALIZED
                  00000400    000003f8     --HOLE--

.pinit     0    000000f6    00000000     UNINITIALIZED

.econst    1    0000a800    000001cf     
                  0000a800    0000009a     driverlib_coff.lib : sysctl.obj (.econst:.string)
                  0000a89a    00000098                        : gpio.obj (.econst:.string)
                  0000a932    00000051                        : interrupt.obj (.econst:.string)
                  0000a983    00000001     --HOLE-- [fill = 0]
                  0000a984    0000004b                        : adc.obj (.econst:.string)

.ebss      1    0000a9d0    00000016     UNINITIALIZED
                  0000a9d0    00000008     epwm_ex8_deadband.obj (.ebss)
                  0000a9d8    00000006     rts2800_fpu32.lib : exit.c.obj (.ebss)
                  0000a9de    00000004     device.obj (.ebss)
                  0000a9e2    00000002     rts2800_fpu32.lib : _lock.c.obj (.ebss:__lock)
                  0000a9e4    00000002                       : _lock.c.obj (.ebss:__unlock)

.text.1    0    00008000    00000800     
                  00008000    000004b0     epwm_ex8_deadband.obj (.text)
                  000084b0    000001b0     adc_board.obj (.text)
                  00008660    00000189     device.obj (.text)
                  000087e9    00000017     driverlib_coff.lib : sysctl.obj (.text:_DCC_disableDoneSignal)

.text.2    0    00008800    0000070e     
                  00008800    000000c7     driverlib_coff.lib : sysctl.obj (.text:_SysCtl_setClock)
                  000088c7    000000c0                        : sysctl.obj (.text:_SysCtl_isPLLValid)
                  00008987    0000007a                        : sysctl.obj (.text:_DCC_setCounterSeeds)
                  00008a01    0000005b                        : sysctl.obj (.text:_SysCtl_selectOscSource)
                  00008a5c    00000056     rts2800_fpu32.lib : boot28.asm.obj (.text)
                  00008ab2    00000052     driverlib_coff.lib : gpio.obj (.text:_GPIO_setPadConfig)
                  00008b04    0000004b     epwm_ex8_deadband.obj (.text:retain)
                  00008b4f    0000003d     driverlib_coff.lib : interrupt.obj (.text:_Interrupt_initModule)
                  00008b8c    0000003b                        : gpio.obj (.text:_GPIO_setAnalogMode)
                  00008bc7    00000037                        : gpio.obj (.text:_GPIO_setPinConfig)
                  00008bfe    00000034                        : interrupt.obj (.text:_Interrupt_enable)
                  00008c32    00000031                        : gpio.obj (.text:_GPIO_setDirectionMode)
                  00008c63    00000029     rts2800_fpu32.lib : exit.c.obj (.text)
                  00008c8c    00000028     driverlib_coff.lib : adc.obj (.text:_ADC_setOffsetTrimAll)
                  00008cb4    00000026                        : sysctl.obj (.text:_SysCtl_pollX1Counter)
                  00008cda    00000025                        : sysctl.obj (.text:_DCC_enableSingleShotMode)
                  00008cff    00000024                        : sysctl.obj (.text:_SysCtl_selectXTAL)
                  00008d23    00000024     rts2800_fpu32.lib : cpy_tbl.c.obj (.text)
                  00008d47    0000001f     driverlib_coff.lib : sysctl.obj (.text:_DCC_setCounter1ClkSource)
                  00008d66    0000001e                        : interrupt.obj (.text:_Interrupt_initVectorTable)
                  00008d84    0000001d                        : sysctl.obj (.text:_DCC_setCounter0ClkSource)
                  00008da1    0000001d     rts2800_fpu32.lib : memcpy.c.obj (.text)
                  00008dbe    0000001a     driverlib_coff.lib : sysctl.obj (.text:_SysCtl_selectXTALSingleEnded)
                  00008dd8    00000017                        : sysctl.obj (.text:_DCC_enableDoneSignal)
                  00008def    00000017                        : sysctl.obj (.text:_SysCtl_enablePeripheral)
                  00008e06    00000016                        : sysctl.obj (.text:_DCC_clearDoneFlag)
                  00008e1c    00000016                        : sysctl.obj (.text:_DCC_clearErrorFlag)
                  00008e32    00000016                        : sysctl.obj (.text:_DCC_disableErrorSignal)
                  00008e48    00000016                        : sysctl.obj (.text:_DCC_enableErrorSignal)
                  00008e5e    00000014                        : sysctl.obj (.text:_DCC_disableModule)
                  00008e72    00000014                        : sysctl.obj (.text:_DCC_enableModule)
                  00008e86    00000014                        : gpio.obj (.text:_GPIO_isPinValid)
                  00008e9a    00000012     rts2800_fpu32.lib : args_main.c.obj (.text)
                  00008eac    00000010     driverlib_coff.lib : sysctl.obj (.text:_DCC_isBaseValid)
                  00008ebc    0000000e                        : interrupt.obj (.text:_Interrupt_defaultHandler)
                  00008eca    0000000d                        : interrupt.obj (.text:_Interrupt_disableMaster)
                  00008ed7    0000000d                        : interrupt.obj (.text:_Interrupt_enableMaster)
                  00008ee4    0000000b                        : sysctl.obj (.text:_SysCtl_isMCDClockFailureDetected)
                  00008eef    00000009     rts2800_fpu32.lib : _lock.c.obj (.text)
                  00008ef8    00000008     f28004x_codestartbranch.obj (.text)
                  00008f00    00000007     driverlib_coff.lib : sysctl.obj (.text:_SysCtl_resetMCD)
                  00008f07    00000002                        : interrupt.obj (.text:_Interrupt_illegalOperationHandler)
                  00008f09    00000002                        : interrupt.obj (.text:_Interrupt_nmiHandler)
                  00008f0b    00000002     rts2800_fpu32.lib : pre_init.c.obj (.text)
                  00008f0d    00000001                       : startup.c.obj (.text)

MODULE SUMMARY

       Module                        code   initialized data   uninitialized data
       ------                        ----   ----------------   ------------------
    .\
       epwm_ex8_deadband.obj         1275   22                 8                 
    +--+-----------------------------+------+------------------+--------------------+
       Total:                        1275   22                 8                 
                                                                                 
    .\adc\
       adc_board.obj                 432    0                  0                 
    +--+-----------------------------+------+------------------+--------------------+
       Total:                        432    0                  0                 
                                                                                 
    .\device\
       device.obj                    393    10                 4                 
       f28004x_codestartbranch.obj   10     0                  0                 
    +--+-----------------------------+------+------------------+--------------------+
       Total:                        403    10                 4                 
                                                                                 
    C:\ti\C2000Ware_4_00_00_00\driverlib\f28004x\driverlib\ccs\Debug\driverlib_coff.lib
       sysctl.obj                    1036   154                0                 
       gpio.obj                      265    152                0                 
       interrupt.obj                 187    81                 0                 
       adc.obj                       40     75                 0                 
    +--+-----------------------------+------+------------------+--------------------+
       Total:                        1528   462                0                 
                                                                                 
    D:\Programs\ti\ccs\tools\compiler\ti-cgt-c2000_21.6.0.LTS\lib\rts2800_fpu32.lib
       boot28.asm.obj                86     0                  0                 
       exit.c.obj                    41     14                 6                 
       cpy_tbl.c.obj                 36     0                  0                 
       memcpy.c.obj                  29     0                  0                 
       _lock.c.obj                   9      10                 4                 
       args_main.c.obj               18     0                  0                 
       pre_init.c.obj                2      0                  0                 
       startup.c.obj                 1      0                  0                 
    +--+-----------------------------+------+------------------+--------------------+
       Total:                        222    24                 10                
                                                                                 
       Stack:                        0      0                  1016              
    +--+-----------------------------+------+------------------+--------------------+
       Grand Total:                  3860   518                1038              


GLOBAL DATA SYMBOLS: SORTED BY DATA PAGE

address     data page           name
--------    ----------------    ----
00000400      10 (00000400)     __stack

0000a9d0     2a7 (0000a9c0)     _adcResult
0000a9d1     2a7 (0000a9c0)     _fed_set
0000a9d2     2a7 (0000a9c0)     _red_set
0000a9d4     2a7 (0000a9c0)     _EPWM_TIMER_TBPRD
0000a9d6     2a7 (0000a9c0)     _duty_cycle
0000a9d8     2a7 (0000a9c0)     ___TI_enable_exit_profile_output
0000a9da     2a7 (0000a9c0)     ___TI_cleanup_ptr
0000a9dc     2a7 (0000a9c0)     ___TI_dtors_ptr
0000a9de     2a7 (0000a9c0)     _Example_PassCount
0000a9e0     2a7 (0000a9c0)     _Example_Fail
0000a9e2     2a7 (0000a9c0)     __lock
0000a9e4     2a7 (0000a9c0)     __unlock


GLOBAL SYMBOLS: SORTED ALPHABETICALLY BY Name 

page  address   name                             
----  -------   ----                             
abs   ffffffff  .text                            
0     00008c63  C$$EXIT                          
0     000085fc  _ADC_init2                       
0     00008c8c  _ADC_setOffsetTrimAll            
0     0000864a  _ASYSCTL_init2                   
0     000085b1  _Board_init2                     
0     000086f2  _Device_enableAllPeripherals     
0     000086c5  _Device_init                     
0     000087d2  _Device_initGPIO                 
1     0000a9d4  _EPWM_TIMER_TBPRD                
0     000085fb  _EPWM_init2                      
1     0000a9e0  _Example_Fail                    
1     0000a9de  _Example_PassCount               
0     00008b8c  _GPIO_setAnalogMode              
0     00008c32  _GPIO_setDirectionMode           
0     00008ab2  _GPIO_setPadConfig               
0     00008bc7  _GPIO_setPinConfig               
0     00008653  _INTERRUPT_init2                 
0     00008bfe  _Interrupt_enable                
0     00008b4f  _Interrupt_initModule            
0     00008d66  _Interrupt_initVectorTable       
0     000085be  _PinMux_init2                    
0     00000130  _SysCtl_delay                    
0     000088c7  _SysCtl_isPLLValid               
0     00008a01  _SysCtl_selectOscSource          
0     00008cff  _SysCtl_selectXTAL               
0     00008dbe  _SysCtl_selectXTALSingleEnded    
0     00008800  _SysCtl_setClock                 
1     000007f8  __STACK_END                      
abs   000003f8  __STACK_SIZE                     
1     0000a9da  ___TI_cleanup_ptr                
1     0000a9dc  ___TI_dtors_ptr                  
1     0000a9d8  ___TI_enable_exit_profile_output 
abs   ffffffff  ___TI_pprof_out_hndl             
abs   ffffffff  ___TI_prof_data_size             
abs   ffffffff  ___TI_prof_data_start            
abs   ffffffff  ___binit__                       
abs   ffffffff  ___c_args__                      
0     000000f6  ___cinit__                       
0     000087e2  ___error__                       
abs   ffffffff  ___etext__                       
abs   ffffffff  ___pinit__                       
abs   ffffffff  ___text__                        
0     00008e9a  __args_main                      
1     0000a9e2  __lock                           
0     00008ef7  __nop                            
0     00008ef3  __register_lock                  
0     00008eef  __register_unlock                
1     00000400  __stack                          
0     00008f0d  __system_post_cinit              
0     00008f0b  __system_pre_init                
1     0000a9e4  __unlock                         
0     00008c63  _abort                           
0     00008b04  _adcA1ISR                        
1     0000a9d0  _adcResult                       
0     00008a5c  _c_int00                         
0     00008d23  _copy_in                         
1     0000a9d6  _duty_cycle                      
0     00008c65  _exit                            
1     0000a9d1  _fed_set                         
0     00008445  _initEPWMWithoutDB               
0     00008290  _main                            
0     00008da1  _memcpy                          
1     0000a9d2  _red_set                         
0     00008382  _setupEPWMActiveHigh             
0     000083e3  _setupEPWMActiveHighComplementary
0     00008414  _setupEPWMActiveLow              
0     000083b2  _setupEPWMActiveLowComplementary 
0     0000836c  _setupEPWMOutputSwap             
abs   ffffffff  binit                            
0     000000f6  cinit                            
0     00000000  code_start                       
abs   ffffffff  etext                            
abs   ffffffff  pinit                            


GLOBAL SYMBOLS: SORTED BY Symbol Address 

page  address   name                             
----  -------   ----                             
0     00000000  code_start                       
0     000000f6  ___cinit__                       
0     000000f6  cinit                            
0     00000130  _SysCtl_delay                    
0     00008290  _main                            
0     0000836c  _setupEPWMOutputSwap             
0     00008382  _setupEPWMActiveHigh             
0     000083b2  _setupEPWMActiveLowComplementary 
0     000083e3  _setupEPWMActiveHighComplementary
0     00008414  _setupEPWMActiveLow              
0     00008445  _initEPWMWithoutDB               
0     000085b1  _Board_init2                     
0     000085be  _PinMux_init2                    
0     000085fb  _EPWM_init2                      
0     000085fc  _ADC_init2                       
0     0000864a  _ASYSCTL_init2                   
0     00008653  _INTERRUPT_init2                 
0     000086c5  _Device_init                     
0     000086f2  _Device_enableAllPeripherals     
0     000087d2  _Device_initGPIO                 
0     000087e2  ___error__                       
0     00008800  _SysCtl_setClock                 
0     000088c7  _SysCtl_isPLLValid               
0     00008a01  _SysCtl_selectOscSource          
0     00008a5c  _c_int00                         
0     00008ab2  _GPIO_setPadConfig               
0     00008b04  _adcA1ISR                        
0     00008b4f  _Interrupt_initModule            
0     00008b8c  _GPIO_setAnalogMode              
0     00008bc7  _GPIO_setPinConfig               
0     00008bfe  _Interrupt_enable                
0     00008c32  _GPIO_setDirectionMode           
0     00008c63  C$$EXIT                          
0     00008c63  _abort                           
0     00008c65  _exit                            
0     00008c8c  _ADC_setOffsetTrimAll            
0     00008cff  _SysCtl_selectXTAL               
0     00008d23  _copy_in                         
0     00008d66  _Interrupt_initVectorTable       
0     00008da1  _memcpy                          
0     00008dbe  _SysCtl_selectXTALSingleEnded    
0     00008e9a  __args_main                      
0     00008eef  __register_unlock                
0     00008ef3  __register_lock                  
0     00008ef7  __nop                            
0     00008f0b  __system_pre_init                
0     00008f0d  __system_post_cinit              
1     00000400  __stack                          
1     000007f8  __STACK_END                      
1     0000a9d0  _adcResult                       
1     0000a9d1  _fed_set                         
1     0000a9d2  _red_set                         
1     0000a9d4  _EPWM_TIMER_TBPRD                
1     0000a9d6  _duty_cycle                      
1     0000a9d8  ___TI_enable_exit_profile_output 
1     0000a9da  ___TI_cleanup_ptr                
1     0000a9dc  ___TI_dtors_ptr                  
1     0000a9de  _Example_PassCount               
1     0000a9e0  _Example_Fail                    
1     0000a9e2  __lock                           
1     0000a9e4  __unlock                         
abs   000003f8  __STACK_SIZE                     
abs   ffffffff  .text                            
abs   ffffffff  ___TI_pprof_out_hndl             
abs   ffffffff  ___TI_prof_data_size             
abs   ffffffff  ___TI_prof_data_start            
abs   ffffffff  ___binit__                       
abs   ffffffff  ___c_args__                      
abs   ffffffff  ___etext__                       
abs   ffffffff  ___pinit__                       
abs   ffffffff  ___text__                        
abs   ffffffff  binit                            
abs   ffffffff  etext                            
abs   ffffffff  pinit                            

[74 symbols]
