******************************************************************************
             TMS320C2000 Linker PC v21.6.0                     
******************************************************************************
>> Linked Thu May  5 12:29:33 2022

OUTPUT FILE NAME:   <epwm_ex8_deadband.out>
ENTRY POINT SYMBOL: "code_start"  address: 00000000


MEMORY CONFIGURATION

         name            origin    length      used     unused   attr    fill
----------------------  --------  ---------  --------  --------  ----  --------
PAGE 0:
  BEGIN                 00000000   00000002  00000002  00000000  RWIX
  RAMM0                 000000f6   0000030a  00000071  00000299  RWIX
  RAMLS0                00008000   00000800  00000800  00000000  RWIX
  RAMLS1                00008800   00000800  00000800  00000000  RWIX
  RAMLS2                00009000   00000800  000000a6  0000075a  RWIX
  RAMLS3                00009800   00000800  00000000  00000800  RWIX
  RAMLS4                0000a000   00000800  00000000  00000800  RWIX
  FLASH_BANK0_SEC0      00080000   00001000  00000000  00001000  RWIX
  FLASH_BANK0_SEC1      00081000   00001000  00000000  00001000  RWIX
  FLASH_BANK0_SEC2      00082000   00001000  00000000  00001000  RWIX
  FLASH_BANK0_SEC3      00083000   00001000  00000000  00001000  RWIX
  FLASH_BANK0_SEC4      00084000   00001000  00000000  00001000  RWIX
  FLASH_BANK0_SEC5      00085000   00001000  00000000  00001000  RWIX
  FLASH_BANK0_SEC6      00086000   00001000  00000000  00001000  RWIX
  FLASH_BANK0_SEC7      00087000   00001000  00000000  00001000  RWIX
  FLASH_BANK0_SEC8      00088000   00001000  00000000  00001000  RWIX
  FLASH_BANK0_SEC9      00089000   00001000  00000000  00001000  RWIX
  FLASH_BANK0_SEC10     0008a000   00001000  00000000  00001000  RWIX
  FLASH_BANK0_SEC11     0008b000   00001000  00000000  00001000  RWIX
  FLASH_BANK0_SEC12     0008c000   00001000  00000000  00001000  RWIX
  FLASH_BANK0_SEC13     0008d000   00001000  00000000  00001000  RWIX
  FLASH_BANK0_SEC14     0008e000   00001000  00000000  00001000  RWIX
  FLASH_BANK0_SEC15     0008f000   00001000  00000000  00001000  RWIX
  FLASH_BANK1_SEC0      00090000   00001000  00000000  00001000  RWIX
  FLASH_BANK1_SEC1      00091000   00001000  00000000  00001000  RWIX
  FLASH_BANK1_SEC2      00092000   00001000  00000000  00001000  RWIX
  FLASH_BANK1_SEC3      00093000   00001000  00000000  00001000  RWIX
  FLASH_BANK1_SEC4      00094000   00001000  00000000  00001000  RWIX
  FLASH_BANK1_SEC5      00095000   00001000  00000000  00001000  RWIX
  FLASH_BANK1_SEC6      00096000   00001000  00000000  00001000  RWIX
  FLASH_BANK1_SEC7      00097000   00001000  00000000  00001000  RWIX
  FLASH_BANK1_SEC8      00098000   00001000  00000000  00001000  RWIX
  FLASH_BANK1_SEC9      00099000   00001000  00000000  00001000  RWIX
  FLASH_BANK1_SEC10     0009a000   00001000  00000000  00001000  RWIX
  FLASH_BANK1_SEC11     0009b000   00001000  00000000  00001000  RWIX
  FLASH_BANK1_SEC12     0009c000   00001000  00000000  00001000  RWIX
  FLASH_BANK1_SEC13     0009d000   00001000  00000000  00001000  RWIX
  FLASH_BANK1_SEC14     0009e000   00001000  00000000  00001000  RWIX
  FLASH_BANK1_SEC15     0009f000   00001000  00000000  00001000  RWIX
  RESET                 003fffc0   00000002  00000000  00000002  RWIX

PAGE 1:
  BOOT_RSVD             00000002   000000f1  00000000  000000f1  RWIX
  RAMM1                 00000400   000003f8  000003f8  00000000  RWIX
  RAMLS5                0000a800   00000800  000001f3  0000060d  RWIX
  RAMLS6                0000b000   00000800  00000000  00000800  RWIX
  RAMLS7                0000b800   00000800  00000000  00000800  RWIX
  RAMGS0                0000c000   00002000  00000000  00002000  RWIX
  RAMGS1                0000e000   00002000  00000000  00002000  RWIX
  RAMGS2                00010000   00002000  00000000  00002000  RWIX
  RAMGS3                00012000   00001ff8  00000000  00001ff8  RWIX


SECTION ALLOCATION MAP

 output                                  attributes/
section   page    origin      length       input sections
--------  ----  ----------  ----------   ----------------
codestart 
*          0    00000000    00000002     
                  00000000    00000002     f28004x_codestartbranch.obj (codestart)

.cinit     0    000000f6    0000006d     
                  000000f6    00000049     epwm_ex8_deadband.obj (.cinit)
                  0000013f    0000000e     rts2800_fpu32.lib : exit.c.obj (.cinit)
                  0000014d    0000000a     device.obj (.cinit)
                  00000157    00000005     rts2800_fpu32.lib : _lock.c.obj (.cinit:__lock)
                  0000015c    00000005                       : _lock.c.obj (.cinit:__unlock)
                  00000161    00000002     --HOLE-- [fill = 0]

.TI.ramfunc 
*          0    00000163    00000004     
                  00000163    00000004     driverlib_coff.lib : sysctl.obj (.TI.ramfunc)

.reset     0    003fffc0    00000002     DSECT
                  003fffc0    00000002     rts2800_fpu32.lib : boot28.asm.obj (.reset)

.stack     1    00000400    000003f8     UNINITIALIZED
                  00000400    000003f8     --HOLE--

.pinit     0    000000f6    00000000     UNINITIALIZED

.econst    1    0000a800    000001cf     
                  0000a800    0000009a     driverlib_coff.lib : sysctl.obj (.econst:.string)
                  0000a89a    00000098                        : gpio.obj (.econst:.string)
                  0000a932    00000051                        : interrupt.obj (.econst:.string)
                  0000a983    00000001     --HOLE-- [fill = 0]
                  0000a984    0000004b                        : adc.obj (.econst:.string)

.ebss      1    0000a9d0    00000024     UNINITIALIZED
                  0000a9d0    00000016     epwm_ex8_deadband.obj (.ebss)
                  0000a9e6    00000006     rts2800_fpu32.lib : exit.c.obj (.ebss)
                  0000a9ec    00000004     device.obj (.ebss)
                  0000a9f0    00000002     rts2800_fpu32.lib : _lock.c.obj (.ebss:__lock)
                  0000a9f2    00000002                       : _lock.c.obj (.ebss:__unlock)

.text.1    0    00008000    00000800     
                  00008000    00000478     epwm_ex8_deadband.obj (.text)
                  00008478    00000237     adc_board.obj (.text)
                  000086af    0000010c     epwm_ex8_deadband.obj (.text:retain)
                  000087bb    0000003d     driverlib_coff.lib : interrupt.obj (.text:_Interrupt_initModule)
                  000087f8    00000008     f28004x_codestartbranch.obj (.text)

.text.2    0    00008800    00000800     
                  00008800    00000189     device.obj (.text)
                  00008989    000000c7     driverlib_coff.lib : sysctl.obj (.text:_SysCtl_setClock)
                  00008a50    000000c0                        : sysctl.obj (.text:_SysCtl_isPLLValid)
                  00008b10    00000088     rts2800_fpu32.lib : fs_div28.asm.obj (.text)
                  00008b98    0000007a     driverlib_coff.lib : sysctl.obj (.text:_DCC_setCounterSeeds)
                  00008c12    0000005b                        : sysctl.obj (.text:_SysCtl_selectOscSource)
                  00008c6d    00000056     rts2800_fpu32.lib : boot28.asm.obj (.text)
                  00008cc3    00000052     driverlib_coff.lib : gpio.obj (.text:_GPIO_setPadConfig)
                  00008d15    0000003b                        : gpio.obj (.text:_GPIO_setAnalogMode)
                  00008d50    00000037                        : gpio.obj (.text:_GPIO_setPinConfig)
                  00008d87    00000034                        : interrupt.obj (.text:_Interrupt_enable)
                  00008dbb    00000031                        : gpio.obj (.text:_GPIO_setDirectionMode)
                  00008dec    00000029     rts2800_fpu32.lib : exit.c.obj (.text)
                  00008e15    00000028     driverlib_coff.lib : adc.obj (.text:_ADC_setOffsetTrimAll)
                  00008e3d    00000026                        : sysctl.obj (.text:_SysCtl_pollX1Counter)
                  00008e63    00000025                        : sysctl.obj (.text:_DCC_enableSingleShotMode)
                  00008e88    00000024                        : sysctl.obj (.text:_SysCtl_selectXTAL)
                  00008eac    00000024     rts2800_fpu32.lib : cpy_tbl.c.obj (.text)
                  00008ed0    0000001f     driverlib_coff.lib : sysctl.obj (.text:_DCC_setCounter1ClkSource)
                  00008eef    0000001e                        : interrupt.obj (.text:_Interrupt_initVectorTable)
                  00008f0d    0000001d                        : sysctl.obj (.text:_DCC_setCounter0ClkSource)
                  00008f2a    0000001d     rts2800_fpu32.lib : memcpy.c.obj (.text)
                  00008f47    0000001a     driverlib_coff.lib : sysctl.obj (.text:_SysCtl_selectXTALSingleEnded)
                  00008f61    00000017                        : sysctl.obj (.text:_DCC_disableDoneSignal)
                  00008f78    00000017                        : sysctl.obj (.text:_DCC_enableDoneSignal)
                  00008f8f    00000017                        : sysctl.obj (.text:_SysCtl_enablePeripheral)
                  00008fa6    00000016                        : sysctl.obj (.text:_DCC_clearDoneFlag)
                  00008fbc    00000016                        : sysctl.obj (.text:_DCC_clearErrorFlag)
                  00008fd2    00000016                        : sysctl.obj (.text:_DCC_disableErrorSignal)
                  00008fe8    00000016                        : sysctl.obj (.text:_DCC_enableErrorSignal)
                  00008ffe    00000002                        : interrupt.obj (.text:_Interrupt_illegalOperationHandler)

.text.3    0    00009000    000000a6     
                  00009000    00000014     driverlib_coff.lib : sysctl.obj (.text:_DCC_disableModule)
                  00009014    00000014                        : sysctl.obj (.text:_DCC_enableModule)
                  00009028    00000014                        : gpio.obj (.text:_GPIO_isPinValid)
                  0000903c    00000012     rts2800_fpu32.lib : args_main.c.obj (.text)
                  0000904e    00000010     driverlib_coff.lib : sysctl.obj (.text:_DCC_isBaseValid)
                  0000905e    0000000e                        : interrupt.obj (.text:_Interrupt_defaultHandler)
                  0000906c    0000000d                        : interrupt.obj (.text:_Interrupt_disableMaster)
                  00009079    0000000d                        : interrupt.obj (.text:_Interrupt_enableMaster)
                  00009086    0000000b                        : sysctl.obj (.text:_SysCtl_isMCDClockFailureDetected)
                  00009091    00000009     rts2800_fpu32.lib : _lock.c.obj (.text)
                  0000909a    00000007     driverlib_coff.lib : sysctl.obj (.text:_SysCtl_resetMCD)
                  000090a1    00000002                        : interrupt.obj (.text:_Interrupt_nmiHandler)
                  000090a3    00000002     rts2800_fpu32.lib : pre_init.c.obj (.text)
                  000090a5    00000001                       : startup.c.obj (.text)

MODULE SUMMARY

       Module                        code   initialized data   uninitialized data
       ------                        ----   ----------------   ------------------
    .\
       epwm_ex8_deadband.obj         1412   73                 22                
    +--+-----------------------------+------+------------------+--------------------+
       Total:                        1412   73                 22                
                                                                                 
    .\adc\
       adc_board.obj                 567    0                  0                 
    +--+-----------------------------+------+------------------+--------------------+
       Total:                        567    0                  0                 
                                                                                 
    .\device\
       device.obj                    393    10                 4                 
       f28004x_codestartbranch.obj   10     0                  0                 
    +--+-----------------------------+------+------------------+--------------------+
       Total:                        403    10                 4                 
                                                                                 
    C:\ti\c2000\C2000Ware_4_00_00_00\driverlib\f28004x\driverlib\ccs\Debug\driverlib_coff.lib
       sysctl.obj                    1036   154                0                 
       gpio.obj                      265    152                0                 
       interrupt.obj                 187    81                 0                 
       adc.obj                       40     75                 0                 
    +--+-----------------------------+------+------------------+--------------------+
       Total:                        1528   462                0                 
                                                                                 
    D:\Programs\ti\ccs\tools\compiler\ti-cgt-c2000_21.6.0.LTS\lib\rts2800_fpu32.lib
       fs_div28.asm.obj              136    0                  0                 
       boot28.asm.obj                86     0                  0                 
       exit.c.obj                    41     14                 6                 
       cpy_tbl.c.obj                 36     0                  0                 
       memcpy.c.obj                  29     0                  0                 
       _lock.c.obj                   9      10                 4                 
       args_main.c.obj               18     0                  0                 
       pre_init.c.obj                2      0                  0                 
       startup.c.obj                 1      0                  0                 
    +--+-----------------------------+------+------------------+--------------------+
       Total:                        358    24                 10                
                                                                                 
       Stack:                        0      0                  1016              
    +--+-----------------------------+------+------------------+--------------------+
       Grand Total:                  4268   569                1052              


GLOBAL DATA SYMBOLS: SORTED BY DATA PAGE

address     data page           name
--------    ----------------    ----
00000400      10 (00000400)     __stack

0000a9d0     2a7 (0000a9c0)     _adcResult
0000a9d1     2a7 (0000a9c0)     _fed_set
0000a9d2     2a7 (0000a9c0)     _red_set
0000a9d3     2a7 (0000a9c0)     _c_meas
0000a9d4     2a7 (0000a9c0)     _c_read
0000a9d5     2a7 (0000a9c0)     _c_overflow
0000a9d6     2a7 (0000a9c0)     _v_meas
0000a9d7     2a7 (0000a9c0)     _v_read
0000a9d8     2a7 (0000a9c0)     _v_overflow
0000a9d9     2a7 (0000a9c0)     _r_meas
0000a9da     2a7 (0000a9c0)     _r_read
0000a9db     2a7 (0000a9c0)     _r_overflow
0000a9dc     2a7 (0000a9c0)     _EPWM_TIMER_TBPRD
0000a9de     2a7 (0000a9c0)     _duty_cycle
0000a9e0     2a7 (0000a9c0)     _current
0000a9e2     2a7 (0000a9c0)     _voltage
0000a9e4     2a7 (0000a9c0)     _ref
0000a9e6     2a7 (0000a9c0)     ___TI_enable_exit_profile_output
0000a9e8     2a7 (0000a9c0)     ___TI_cleanup_ptr
0000a9ea     2a7 (0000a9c0)     ___TI_dtors_ptr
0000a9ec     2a7 (0000a9c0)     _Example_PassCount
0000a9ee     2a7 (0000a9c0)     _Example_Fail
0000a9f0     2a7 (0000a9c0)     __lock
0000a9f2     2a7 (0000a9c0)     __unlock


GLOBAL SYMBOLS: SORTED ALPHABETICALLY BY Name 

page  address   name                            
----  -------   ----                            
abs   ffffffff  .text                           
0     00008dec  C$$EXIT                         
0     00008b10  FS$$DIV                         
0     000085a6  _ADC_init2                      
0     00008e15  _ADC_setOffsetTrimAll           
0     00008681  _ASYSCTL_init2                  
0     00008579  _Board_init2                    
0     00008892  _Device_enableAllPeripherals    
0     00008865  _Device_init                    
0     00008972  _Device_initGPIO                
1     0000a9dc  _EPWM_TIMER_TBPRD               
0     000085a5  _EPWM_init2                     
1     0000a9ee  _Example_Fail                   
1     0000a9ec  _Example_PassCount              
0     00008d15  _GPIO_setAnalogMode             
0     00008dbb  _GPIO_setDirectionMode          
0     00008cc3  _GPIO_setPadConfig              
0     00008d50  _GPIO_setPinConfig              
0     0000868a  _INTERRUPT_init2                
0     00008d87  _Interrupt_enable               
0     000087bb  _Interrupt_initModule           
0     00008eef  _Interrupt_initVectorTable      
0     00008586  _PinMux_init2                   
0     00000163  _SysCtl_delay                   
0     00008a50  _SysCtl_isPLLValid              
0     00008c12  _SysCtl_selectOscSource         
0     00008e88  _SysCtl_selectXTAL              
0     00008f47  _SysCtl_selectXTALSingleEnded   
0     00008989  _SysCtl_setClock                
1     000007f8  __STACK_END                     
abs   000003f8  __STACK_SIZE                    
1     0000a9e8  ___TI_cleanup_ptr               
1     0000a9ea  ___TI_dtors_ptr                 
1     0000a9e6  ___TI_enable_exit_profile_output
abs   ffffffff  ___TI_pprof_out_hndl            
abs   ffffffff  ___TI_prof_data_size            
abs   ffffffff  ___TI_prof_data_start           
abs   ffffffff  ___binit__                      
abs   ffffffff  ___c_args__                     
0     000000f6  ___cinit__                      
0     00008982  ___error__                      
abs   ffffffff  ___etext__                      
abs   ffffffff  ___pinit__                      
abs   ffffffff  ___text__                       
0     0000903c  __args_main                     
1     0000a9f0  __lock                          
0     00009099  __nop                           
0     00009095  __register_lock                 
0     00009091  __register_unlock               
1     00000400  __stack                         
0     000090a5  __system_post_cinit             
0     000090a3  __system_pre_init               
1     0000a9f2  __unlock                        
0     00008dec  _abort                          
0     0000870d  _adcCurrent                     
0     0000875b  _adcRef                         
1     0000a9d0  _adcResult                      
0     000086af  _adcVoltage                     
0     00008c6d  _c_int00                        
1     0000a9d3  _c_meas                         
1     0000a9d5  _c_overflow                     
1     0000a9d4  _c_read                         
0     00008eac  _copy_in                        
1     0000a9e0  _current                        
1     0000a9de  _duty_cycle                     
0     00008dee  _exit                           
1     0000a9d1  _fed_set                        
0     00008290  _main                           
0     00008f2a  _memcpy                         
1     0000a9d9  _r_meas                         
1     0000a9db  _r_overflow                     
1     0000a9da  _r_read                         
1     0000a9d2  _red_set                        
1     0000a9e4  _ref                            
0     00008462  _setupEPWMOutputSwap            
1     0000a9d6  _v_meas                         
1     0000a9d8  _v_overflow                     
1     0000a9d7  _v_read                         
1     0000a9e2  _voltage                        
abs   ffffffff  binit                           
0     000000f6  cinit                           
0     00000000  code_start                      
abs   ffffffff  etext                           
abs   ffffffff  pinit                           


GLOBAL SYMBOLS: SORTED BY Symbol Address 

page  address   name                            
----  -------   ----                            
0     00000000  code_start                      
0     000000f6  ___cinit__                      
0     000000f6  cinit                           
0     00000163  _SysCtl_delay                   
0     00008290  _main                           
0     00008462  _setupEPWMOutputSwap            
0     00008579  _Board_init2                    
0     00008586  _PinMux_init2                   
0     000085a5  _EPWM_init2                     
0     000085a6  _ADC_init2                      
0     00008681  _ASYSCTL_init2                  
0     0000868a  _INTERRUPT_init2                
0     000086af  _adcVoltage                     
0     0000870d  _adcCurrent                     
0     0000875b  _adcRef                         
0     000087bb  _Interrupt_initModule           
0     00008865  _Device_init                    
0     00008892  _Device_enableAllPeripherals    
0     00008972  _Device_initGPIO                
0     00008982  ___error__                      
0     00008989  _SysCtl_setClock                
0     00008a50  _SysCtl_isPLLValid              
0     00008b10  FS$$DIV                         
0     00008c12  _SysCtl_selectOscSource         
0     00008c6d  _c_int00                        
0     00008cc3  _GPIO_setPadConfig              
0     00008d15  _GPIO_setAnalogMode             
0     00008d50  _GPIO_setPinConfig              
0     00008d87  _Interrupt_enable               
0     00008dbb  _GPIO_setDirectionMode          
0     00008dec  C$$EXIT                         
0     00008dec  _abort                          
0     00008dee  _exit                           
0     00008e15  _ADC_setOffsetTrimAll           
0     00008e88  _SysCtl_selectXTAL              
0     00008eac  _copy_in                        
0     00008eef  _Interrupt_initVectorTable      
0     00008f2a  _memcpy                         
0     00008f47  _SysCtl_selectXTALSingleEnded   
0     0000903c  __args_main                     
0     00009091  __register_unlock               
0     00009095  __register_lock                 
0     00009099  __nop                           
0     000090a3  __system_pre_init               
0     000090a5  __system_post_cinit             
1     00000400  __stack                         
1     000007f8  __STACK_END                     
1     0000a9d0  _adcResult                      
1     0000a9d1  _fed_set                        
1     0000a9d2  _red_set                        
1     0000a9d3  _c_meas                         
1     0000a9d4  _c_read                         
1     0000a9d5  _c_overflow                     
1     0000a9d6  _v_meas                         
1     0000a9d7  _v_read                         
1     0000a9d8  _v_overflow                     
1     0000a9d9  _r_meas                         
1     0000a9da  _r_read                         
1     0000a9db  _r_overflow                     
1     0000a9dc  _EPWM_TIMER_TBPRD               
1     0000a9de  _duty_cycle                     
1     0000a9e0  _current                        
1     0000a9e2  _voltage                        
1     0000a9e4  _ref                            
1     0000a9e6  ___TI_enable_exit_profile_output
1     0000a9e8  ___TI_cleanup_ptr               
1     0000a9ea  ___TI_dtors_ptr                 
1     0000a9ec  _Example_PassCount              
1     0000a9ee  _Example_Fail                   
1     0000a9f0  __lock                          
1     0000a9f2  __unlock                        
abs   000003f8  __STACK_SIZE                    
abs   ffffffff  .text                           
abs   ffffffff  ___TI_pprof_out_hndl            
abs   ffffffff  ___TI_prof_data_size            
abs   ffffffff  ___TI_prof_data_start           
abs   ffffffff  ___binit__                      
abs   ffffffff  ___c_args__                     
abs   ffffffff  ___etext__                      
abs   ffffffff  ___pinit__                      
abs   ffffffff  ___text__                       
abs   ffffffff  binit                           
abs   ffffffff  etext                           
abs   ffffffff  pinit                           

[84 symbols]
