******************************************************************************
             TMS320C2000 Linker PC v21.6.0                     
******************************************************************************
>> Linked Thu May  5 12:40:59 2022

OUTPUT FILE NAME:   <epwm_ex8_deadband.out>
ENTRY POINT SYMBOL: "code_start"  address: 00080000


MEMORY CONFIGURATION

         name            origin    length      used     unused   attr    fill
----------------------  --------  ---------  --------  --------  ----  --------
PAGE 0:
  RAMM0                 000000f6   0000030a  00000000  0000030a  RWIX
  RAMLS0                00008000   00000800  00000134  000006cc  RWIX
  RAMLS1                00008800   00000800  00000000  00000800  RWIX
  RAMLS2                00009000   00000800  00000000  00000800  RWIX
  RAMLS3                00009800   00000800  00000000  00000800  RWIX
  RAMLS4                0000a000   00000800  00000000  00000800  RWIX
  BEGIN                 00080000   00000002  00000002  00000000  RWIX
  FLASH_BANK0_SEC0      00080002   00000ffe  00000000  00000ffe  RWIX
  FLASH_BANK0_SEC1      00081000   00001000  00000150  00000eb0  RWIX
  FLASH_BANK0_SEC2      00082000   00001000  00001000  00000000  RWIX
  FLASH_BANK0_SEC3      00083000   00001000  000002b2  00000d4e  RWIX
  FLASH_BANK0_SEC4      00084000   00001000  000001e2  00000e1e  RWIX
  FLASH_BANK0_SEC5      00085000   00001000  00000000  00001000  RWIX
  FLASH_BANK0_SEC6      00086000   00001000  00000000  00001000  RWIX
  FLASH_BANK0_SEC7      00087000   00001000  00000000  00001000  RWIX
  FLASH_BANK0_SEC8      00088000   00001000  00000000  00001000  RWIX
  FLASH_BANK0_SEC9      00089000   00001000  00000000  00001000  RWIX
  FLASH_BANK0_SEC10     0008a000   00001000  00000000  00001000  RWIX
  FLASH_BANK0_SEC11     0008b000   00001000  00000000  00001000  RWIX
  FLASH_BANK0_SEC12     0008c000   00001000  00000000  00001000  RWIX
  FLASH_BANK0_SEC13     0008d000   00001000  00000000  00001000  RWIX
  FLASH_BANK0_SEC14     0008e000   00001000  00000000  00001000  RWIX
  FLASH_BANK0_SEC15     0008f000   00001000  00000000  00001000  RWIX
  FLASH_BANK1_SEC0      00090000   00001000  00000000  00001000  RWIX
  FLASH_BANK1_SEC1      00091000   00001000  00000000  00001000  RWIX
  FLASH_BANK1_SEC2      00092000   00001000  00000000  00001000  RWIX
  FLASH_BANK1_SEC3      00093000   00001000  00000000  00001000  RWIX
  FLASH_BANK1_SEC4      00094000   00001000  00000000  00001000  RWIX
  FLASH_BANK1_SEC5      00095000   00001000  00000000  00001000  RWIX
  FLASH_BANK1_SEC6      00096000   00001000  00000000  00001000  RWIX
  FLASH_BANK1_SEC7      00097000   00001000  00000000  00001000  RWIX
  FLASH_BANK1_SEC8      00098000   00001000  00000000  00001000  RWIX
  FLASH_BANK1_SEC9      00099000   00001000  00000000  00001000  RWIX
  FLASH_BANK1_SEC10     0009a000   00001000  00000000  00001000  RWIX
  FLASH_BANK1_SEC11     0009b000   00001000  00000000  00001000  RWIX
  FLASH_BANK1_SEC12     0009c000   00001000  00000000  00001000  RWIX
  FLASH_BANK1_SEC13     0009d000   00001000  00000000  00001000  RWIX
  FLASH_BANK1_SEC14     0009e000   00001000  00000000  00001000  RWIX
  FLASH_BANK1_SEC15     0009f000   00000ff0  00000000  00000ff0  RWIX
  RESET                 003fffc0   00000002  00000000  00000002  RWIX

PAGE 1:
  BOOT_RSVD             00000002   000000f1  00000000  000000f1  RWIX
  RAMM1                 00000400   000003f8  000003f8  00000000  RWIX
  RAMLS5                0000a800   00000800  00000020  000007e0  RWIX
  RAMLS6                0000b000   00000800  00000000  00000800  RWIX
  RAMLS7                0000b800   00000800  00000000  00000800  RWIX
  RAMGS0                0000c000   00002000  00000000  00002000  RWIX
  RAMGS1                0000e000   00002000  00000000  00002000  RWIX
  RAMGS2                00010000   00002000  00000000  00002000  RWIX
  RAMGS3                00012000   00001ff8  00000000  00001ff8  RWIX


SECTION ALLOCATION MAP

 output                                  attributes/
section   page    origin      length       input sections
--------  ----  ----------  ----------   ----------------
codestart 
*          0    00080000    00000002     
                  00080000    00000002     f28004x_codestartbranch.obj (codestart)

.cinit     0    00081134    0000001c     
                  00081134    00000014     (.cinit..data.load) [load image, compression = lzss]
                  00081148    00000004     (__TI_handler_table)
                  0008114c    00000004     (__TI_cinit_table)

.reset     0    003fffc0    00000000     DSECT

.stack     1    00000400    000003f8     UNINITIALIZED
                  00000400    000003f8     --HOLE--

.init_array 
*          0    00081000    00000000     UNINITIALIZED

.data      1    0000a800    00000020     UNINITIALIZED
                  0000a800    00000016     epwm_ex8_deadband.obj (.data)
                  0000a816    00000006     rts2800_fpu32_eabi.lib : exit.c.obj (.data)
                  0000a81c    00000002                            : _lock.c.obj (.data:_lock)
                  0000a81e    00000002                            : _lock.c.obj (.data:_unlock)

.const     0    00084000    000001e2     
                  00084000    0000009b     driverlib_eabi.lib : flash.obj (.const:.string)
                  0008409b    00000001     --HOLE-- [fill = 0]
                  0008409c    0000009a                        : sysctl.obj (.const:.string)
                  00084136    00000098                        : gpio.obj (.const:.string)
                  000841ce    00000014     epwm_ex8_deadband.obj (.const)

.TI.ramfunc 
*          0    00081000    00000134     RUN ADDR = 00008000
                  00081000    00000044     driverlib_eabi.lib : flash.obj (.TI.ramfunc:Flash_initModule)
                  00081044    0000002d                        : flash.obj (.TI.ramfunc:Flash_setBankPowerMode)
                  00081071    00000024                        : flash.obj (.TI.ramfunc:Flash_setWaitstates)
                  00081095    0000001e                        : flash.obj (.TI.ramfunc:Flash_setPumpPowerMode)
                  000810b3    0000001a                        : flash.obj (.TI.ramfunc:Flash_disableCache)
                  000810cd    0000001a                        : flash.obj (.TI.ramfunc:Flash_disablePrefetch)
                  000810e7    00000019                        : flash.obj (.TI.ramfunc:Flash_enableCache)
                  00081100    00000019                        : flash.obj (.TI.ramfunc:Flash_enablePrefetch)
                  00081119    00000017                        : flash.obj (.TI.ramfunc:Flash_enableECC)
                  00081130    00000004                        : sysctl.obj (.TI.ramfunc)

.text.1    0    00082000    00001000     
                  00082000    000004b6     epwm_ex8_deadband.obj (.text)
                  000824b6    00000237     adc_board.obj (.text)
                  000826ed    00000186     device.obj (.text)
                  00082873    0000013c     epwm_ex8_deadband.obj (.text:retain)
                  000829af    000000c7     driverlib_eabi.lib : sysctl.obj (.text:SysCtl_setClock)
                  00082a76    000000c0                        : sysctl.obj (.text:SysCtl_isPLLValid)
                  00082b36    0000009c     rts2800_fpu32_eabi.lib : fd_add28.asm.obj (.text)
                  00082bd2    0000008b                            : fd_div28.asm.obj (.text)
                  00082c5d    00000083                            : fd_mpy28.asm.obj (.text)
                  00082ce0    0000007a     driverlib_eabi.lib : sysctl.obj (.text:DCC_setCounterSeeds)
                  00082d5a    0000005b                        : sysctl.obj (.text:SysCtl_selectOscSource)
                  00082db5    00000052                        : gpio.obj (.text:GPIO_setPadConfig)
                  00082e07    0000003d                        : interrupt.obj (.text:Interrupt_initModule)
                  00082e44    0000003b                        : gpio.obj (.text:GPIO_setAnalogMode)
                  00082e7f    00000037                        : gpio.obj (.text:GPIO_setPinConfig)
                  00082eb6    00000034                        : interrupt.obj (.text:Interrupt_enable)
                  00082eea    00000031                        : gpio.obj (.text:GPIO_setDirectionMode)
                  00082f1b    00000031     rts2800_fpu32_eabi.lib : copy_decompress_lzss.c.obj (.text:decompress:lzss)
                  00082f4c    0000002b                            : autoinit.c.obj (.text:__TI_auto_init_nobinit_nopinit)
                  00082f77    00000029                            : exit.c.obj (.text)
                  00082fa0    00000028     driverlib_eabi.lib : adc.obj (.text:ADC_setOffsetTrimAll)
                  00082fc8    00000026                        : sysctl.obj (.text:SysCtl_pollX1Counter)
                  00082fee    00000010                        : sysctl.obj (.text:DCC_isBaseValid)
                  00082ffe    00000002                        : interrupt.obj (.text:Interrupt_illegalOperationHandler)

.text.2    0    00083000    000002b2     
                  00083000    00000025     driverlib_eabi.lib : sysctl.obj (.text:DCC_enableSingleShotMode)
                  00083025    00000024                        : sysctl.obj (.text:SysCtl_selectXTAL)
                  00083049    00000023     rts2800_fpu32_eabi.lib : fd_tofsfpu32.asm.obj (.text)
                  0008306c    0000001f     driverlib_eabi.lib : sysctl.obj (.text:DCC_setCounter1ClkSource)
                  0008308b    0000001e                        : interrupt.obj (.text:Interrupt_initVectorTable)
                  000830a9    0000001d                        : sysctl.obj (.text:DCC_setCounter0ClkSource)
                  000830c6    0000001d     rts2800_fpu32_eabi.lib : memcpy.c.obj (.text)
                  000830e3    0000001c                            : fs_tofdfpu32.asm.obj (.text)
                  000830ff    0000001a     driverlib_eabi.lib : sysctl.obj (.text:SysCtl_selectXTALSingleEnded)
                  00083119    00000017                        : sysctl.obj (.text:DCC_disableDoneSignal)
                  00083130    00000017                        : sysctl.obj (.text:DCC_enableDoneSignal)
                  00083147    00000017                        : sysctl.obj (.text:SysCtl_enablePeripheral)
                  0008315e    00000017     rts2800_fpu32_eabi.lib : boot28.asm.obj (.text)
                  00083175    00000017                            : u_tofd28.asm.obj (.text)
                  0008318c    00000016     driverlib_eabi.lib : sysctl.obj (.text:DCC_clearDoneFlag)
                  000831a2    00000016                        : sysctl.obj (.text:DCC_clearErrorFlag)
                  000831b8    00000016                        : sysctl.obj (.text:DCC_disableErrorSignal)
                  000831ce    00000016                        : sysctl.obj (.text:DCC_enableErrorSignal)
                  000831e4    00000014                        : sysctl.obj (.text:DCC_disableModule)
                  000831f8    00000014                        : sysctl.obj (.text:DCC_enableModule)
                  0008320c    00000014                        : gpio.obj (.text:GPIO_isPinValid)
                  00083220    00000010                        : flash.obj (.text:Flash_isCtrlBaseValid)
                  00083230    00000010                        : flash.obj (.text:Flash_isECCBaseValid)
                  00083240    0000000e                        : interrupt.obj (.text:Interrupt_defaultHandler)
                  0008324e    0000000e     rts2800_fpu32_eabi.lib : fd_sub28.asm.obj (.text)
                  0008325c    0000000d     driverlib_eabi.lib : interrupt.obj (.text:Interrupt_disableMaster)
                  00083269    0000000d                        : interrupt.obj (.text:Interrupt_enableMaster)
                  00083276    0000000c     rts2800_fpu32_eabi.lib : args_main.c.obj (.text)
                  00083282    0000000b     driverlib_eabi.lib : sysctl.obj (.text:SysCtl_isMCDClockFailureDetected)
                  0008328d    00000009     rts2800_fpu32_eabi.lib : _lock.c.obj (.text)
                  00083296    00000008                            : copy_decompress_none.c.obj (.text:decompress:none)
                  0008329e    00000008     f28004x_codestartbranch.obj (.text)
                  000832a6    00000007     driverlib_eabi.lib : sysctl.obj (.text:SysCtl_resetMCD)
                  000832ad    00000002                        : interrupt.obj (.text:Interrupt_nmiHandler)
                  000832af    00000002     rts2800_fpu32_eabi.lib : pre_init.c.obj (.text)
                  000832b1    00000001                            : startup.c.obj (.text)

MODULE SUMMARY

       Module                        code   ro data   rw data
       ------                        ----   -------   -------
    .\
       epwm_ex8_deadband.obj         1522   20        22     
    +--+-----------------------------+------+---------+---------+
       Total:                        1522   20        22     
                                                             
    .\adc\
       adc_board.obj                 567    0         0      
    +--+-----------------------------+------+---------+---------+
       Total:                        567    0         0      
                                                             
    .\device\
       device.obj                    390    0         0      
       f28004x_codestartbranch.obj   10     0         0      
    +--+-----------------------------+------+---------+---------+
       Total:                        400    0         0      
                                                             
    C:\ti\c2000\C2000Ware_4_00_00_00\driverlib\f28004x\driverlib\ccs\Debug\driverlib_eabi.lib
       sysctl.obj                    1040   154       0      
       flash.obj                     640    155       0      
       gpio.obj                      265    152       0      
       interrupt.obj                 187    0         0      
       adc.obj                       40     0         0      
    +--+-----------------------------+------+---------+---------+
       Total:                        2172   461       0      
                                                             
    D:\Programs\ti\ccs\tools\compiler\ti-cgt-c2000_21.6.0.LTS\lib\rts2800_fpu32_eabi.lib
       fd_add28.asm.obj              156    0         0      
       fd_div28.asm.obj              139    0         0      
       fd_mpy28.asm.obj              131    0         0      
       copy_decompress_lzss.c.obj    49     0         0      
       exit.c.obj                    41     0         6      
       autoinit.c.obj                43     0         0      
       fd_tofsfpu32.asm.obj          35     0         0      
       memcpy.c.obj                  29     0         0      
       fs_tofdfpu32.asm.obj          28     0         0      
       boot28.asm.obj                23     0         0      
       u_tofd28.asm.obj              23     0         0      
       fd_sub28.asm.obj              14     0         0      
       _lock.c.obj                   9      0         4      
       args_main.c.obj               12     0         0      
       copy_decompress_none.c.obj    8      0         0      
       pre_init.c.obj                2      0         0      
       startup.c.obj                 1      0         0      
    +--+-----------------------------+------+---------+---------+
       Total:                        743    0         10     
                                                             
       Stack:                        0      0         1016   
       Linker Generated:             0      28        0      
    +--+-----------------------------+------+---------+---------+
       Grand Total:                  5404   509       1048   


LINKER GENERATED COPY TABLES

__TI_cinit_table @ 0008114c records: 1, size/record: 4, table size: 4
	.data: load addr=00081134, load size=00000014 bytes, run addr=0000a800, run size=00000020 bytes, compression=lzss


LINKER GENERATED HANDLER TABLE

__TI_handler_table @ 00081148 records: 2, size/record: 2, table size: 4
	index: 0, handler: __TI_decompress_lzss
	index: 1, handler: __TI_decompress_none


GLOBAL DATA SYMBOLS: SORTED BY DATA PAGE

address     data page           name
--------    ----------------    ----
00000400      10 (00000400)     __stack

0000a800     2a0 (0000a800)     adcResult
0000a801     2a0 (0000a800)     fed_set
0000a802     2a0 (0000a800)     red_set
0000a803     2a0 (0000a800)     c_meas
0000a804     2a0 (0000a800)     c_read
0000a805     2a0 (0000a800)     c_overflow
0000a806     2a0 (0000a800)     v_meas
0000a807     2a0 (0000a800)     v_read
0000a808     2a0 (0000a800)     v_overflow
0000a809     2a0 (0000a800)     r_meas
0000a80a     2a0 (0000a800)     r_read
0000a80b     2a0 (0000a800)     r_overflow
0000a80c     2a0 (0000a800)     EPWM_TIMER_TBPRD
0000a80e     2a0 (0000a800)     duty_cycle
0000a810     2a0 (0000a800)     current
0000a812     2a0 (0000a800)     voltage
0000a814     2a0 (0000a800)     ref
0000a816     2a0 (0000a800)     __TI_enable_exit_profile_output
0000a818     2a0 (0000a800)     __TI_cleanup_ptr
0000a81a     2a0 (0000a800)     __TI_dtors_ptr
0000a81c     2a0 (0000a800)     _lock
0000a81e     2a0 (0000a800)     _unlock


GLOBAL SYMBOLS: SORTED ALPHABETICALLY BY Name 

page  address   name                           
----  -------   ----                           
0     000825e4  ADC_init2                      
0     00082fa0  ADC_setOffsetTrimAll           
0     000826bf  ASYSCTL_init2                  
0     000825b7  Board_init2                    
0     00082f77  C$$EXIT                        
0     0008277c  Device_enableAllPeripherals    
0     0008273e  Device_init                    
0     0008285c  Device_initGPIO                
1     0000a80c  EPWM_TIMER_TBPRD               
0     000825e3  EPWM_init2                     
0     00008000  Flash_initModule               
0     00082e44  GPIO_setAnalogMode             
0     00082eea  GPIO_setDirectionMode          
0     00082db5  GPIO_setPadConfig              
0     00082e7f  GPIO_setPinConfig              
0     000826c8  INTERRUPT_init2                
0     00082eb6  Interrupt_enable               
0     00082e07  Interrupt_initModule           
0     0008308b  Interrupt_initVectorTable      
0     000825c4  PinMux_init2                   
0     00081134  RamfuncsLoadEnd                
abs   00000134  RamfuncsLoadSize               
0     00081000  RamfuncsLoadStart              
0     00008134  RamfuncsRunEnd                 
abs   00000134  RamfuncsRunSize                
0     00008000  RamfuncsRunStart               
0     00008130  SysCtl_delay                   
0     00082a76  SysCtl_isPLLValid              
0     00082d5a  SysCtl_selectOscSource         
0     00083025  SysCtl_selectXTAL              
0     000830ff  SysCtl_selectXTALSingleEnded   
0     000829af  SysCtl_setClock                
0     0008114c  __TI_CINIT_Base                
0     00081150  __TI_CINIT_Limit               
0     00081150  __TI_CINIT_Warm                
0     00081148  __TI_Handler_Table_Base        
0     0008114c  __TI_Handler_Table_Limit       
1     000007f8  __TI_STACK_END                 
abs   000003f8  __TI_STACK_SIZE                
0     00082f4c  __TI_auto_init_nobinit_nopinit 
1     0000a818  __TI_cleanup_ptr               
0     00082f1b  __TI_decompress_lzss           
0     00083296  __TI_decompress_none           
1     0000a81a  __TI_dtors_ptr                 
1     0000a816  __TI_enable_exit_profile_output
abs   ffffffff  __TI_pprof_out_hndl            
abs   ffffffff  __TI_prof_data_size            
abs   ffffffff  __TI_prof_data_start           
0     00082b36  __c28xabi_addd                 
0     00082bd2  __c28xabi_divd                 
0     00083049  __c28xabi_dtof                 
0     000830e3  __c28xabi_ftod                 
0     00082c5d  __c28xabi_mpyd                 
0     0008324e  __c28xabi_subd                 
0     00083175  __c28xabi_utod                 
n/a   UNDEFED   __c_args__                     
0     0008286c  __error__                      
1     00000400  __stack                        
0     00083276  _args_main                     
0     0008315e  _c_int00                       
1     0000a81c  _lock                          
0     00083295  _nop                           
0     00083291  _register_lock                 
0     0008328d  _register_unlock               
0     000832b1  _system_post_cinit             
0     000832af  _system_pre_init               
1     0000a81e  _unlock                        
0     00082f77  abort                          
0     000828e5  adcCurrent                     
0     00082933  adcRef                         
1     0000a800  adcResult                      
0     00082873  adcVoltage                     
1     0000a803  c_meas                         
1     0000a805  c_overflow                     
1     0000a804  c_read                         
0     00080000  code_start                     
1     0000a810  current                        
1     0000a80e  duty_cycle                     
0     00082f79  exit                           
1     0000a801  fed_set                        
0     00082290  main                           
0     000830c6  memcpy                         
1     0000a809  r_meas                         
1     0000a80b  r_overflow                     
1     0000a80a  r_read                         
1     0000a802  red_set                        
1     0000a814  ref                            
0     000824a0  setupEPWMOutputSwap            
1     0000a806  v_meas                         
1     0000a808  v_overflow                     
1     0000a807  v_read                         
1     0000a812  voltage                        


GLOBAL SYMBOLS: SORTED BY Symbol Address 

page  address   name                           
----  -------   ----                           
0     00008000  Flash_initModule               
0     00008000  RamfuncsRunStart               
0     00008130  SysCtl_delay                   
0     00008134  RamfuncsRunEnd                 
0     00080000  code_start                     
0     00081000  RamfuncsLoadStart              
0     00081134  RamfuncsLoadEnd                
0     00081148  __TI_Handler_Table_Base        
0     0008114c  __TI_CINIT_Base                
0     0008114c  __TI_Handler_Table_Limit       
0     00081150  __TI_CINIT_Limit               
0     00081150  __TI_CINIT_Warm                
0     00082290  main                           
0     000824a0  setupEPWMOutputSwap            
0     000825b7  Board_init2                    
0     000825c4  PinMux_init2                   
0     000825e3  EPWM_init2                     
0     000825e4  ADC_init2                      
0     000826bf  ASYSCTL_init2                  
0     000826c8  INTERRUPT_init2                
0     0008273e  Device_init                    
0     0008277c  Device_enableAllPeripherals    
0     0008285c  Device_initGPIO                
0     0008286c  __error__                      
0     00082873  adcVoltage                     
0     000828e5  adcCurrent                     
0     00082933  adcRef                         
0     000829af  SysCtl_setClock                
0     00082a76  SysCtl_isPLLValid              
0     00082b36  __c28xabi_addd                 
0     00082bd2  __c28xabi_divd                 
0     00082c5d  __c28xabi_mpyd                 
0     00082d5a  SysCtl_selectOscSource         
0     00082db5  GPIO_setPadConfig              
0     00082e07  Interrupt_initModule           
0     00082e44  GPIO_setAnalogMode             
0     00082e7f  GPIO_setPinConfig              
0     00082eb6  Interrupt_enable               
0     00082eea  GPIO_setDirectionMode          
0     00082f1b  __TI_decompress_lzss           
0     00082f4c  __TI_auto_init_nobinit_nopinit 
0     00082f77  C$$EXIT                        
0     00082f77  abort                          
0     00082f79  exit                           
0     00082fa0  ADC_setOffsetTrimAll           
0     00083025  SysCtl_selectXTAL              
0     00083049  __c28xabi_dtof                 
0     0008308b  Interrupt_initVectorTable      
0     000830c6  memcpy                         
0     000830e3  __c28xabi_ftod                 
0     000830ff  SysCtl_selectXTALSingleEnded   
0     0008315e  _c_int00                       
0     00083175  __c28xabi_utod                 
0     0008324e  __c28xabi_subd                 
0     00083276  _args_main                     
0     0008328d  _register_unlock               
0     00083291  _register_lock                 
0     00083295  _nop                           
0     00083296  __TI_decompress_none           
0     000832af  _system_pre_init               
0     000832b1  _system_post_cinit             
1     00000400  __stack                        
1     000007f8  __TI_STACK_END                 
1     0000a800  adcResult                      
1     0000a801  fed_set                        
1     0000a802  red_set                        
1     0000a803  c_meas                         
1     0000a804  c_read                         
1     0000a805  c_overflow                     
1     0000a806  v_meas                         
1     0000a807  v_read                         
1     0000a808  v_overflow                     
1     0000a809  r_meas                         
1     0000a80a  r_read                         
1     0000a80b  r_overflow                     
1     0000a80c  EPWM_TIMER_TBPRD               
1     0000a80e  duty_cycle                     
1     0000a810  current                        
1     0000a812  voltage                        
1     0000a814  ref                            
1     0000a816  __TI_enable_exit_profile_output
1     0000a818  __TI_cleanup_ptr               
1     0000a81a  __TI_dtors_ptr                 
1     0000a81c  _lock                          
1     0000a81e  _unlock                        
abs   00000134  RamfuncsLoadSize               
abs   00000134  RamfuncsRunSize                
abs   000003f8  __TI_STACK_SIZE                
abs   ffffffff  __TI_pprof_out_hndl            
abs   ffffffff  __TI_prof_data_size            
abs   ffffffff  __TI_prof_data_start           
n/a   UNDEFED   __c_args__                     

[92 symbols]
