******************************************************************************
             TMS320C2000 Linker PC v21.6.0                     
******************************************************************************
>> Linked Tue Oct 25 14:20:39 2022

OUTPUT FILE NAME:   <epwm_ex8_deadband.out>
ENTRY POINT SYMBOL: "code_start"  address: 00080000


MEMORY CONFIGURATION

         name            origin    length      used     unused   attr    fill
----------------------  --------  ---------  --------  --------  ----  --------
PAGE 0:
  RAMM0                 000000f6   0000030a  00000000  0000030a  RWIX
  RAMLS0                00008000   00000800  00000134  000006cc  RWIX
  RAMLS1                00008800   00000800  00000000  00000800  RWIX
  RAMLS2                00009000   00000800  00000000  00000800  RWIX
  RAMLS3                00009800   00000800  00000000  00000800  RWIX
  RAMLS4                0000a000   00000800  00000000  00000800  RWIX
  BEGIN                 00080000   00000002  00000002  00000000  RWIX
  FLASH_BANK0_SEC0      00080002   00000ffe  00000000  00000ffe  RWIX
  FLASH_BANK0_SEC1      00081000   00001000  00000158  00000ea8  RWIX
  FLASH_BANK0_SEC2      00082000   00001000  00001000  00000000  RWIX
  FLASH_BANK0_SEC3      00083000   00001000  00000798  00000868  RWIX
  FLASH_BANK0_SEC4      00084000   00001000  000001ee  00000e12  RWIX
  FLASH_BANK0_SEC5      00085000   00001000  00000000  00001000  RWIX
  FLASH_BANK0_SEC6      00086000   00001000  00000000  00001000  RWIX
  FLASH_BANK0_SEC7      00087000   00001000  00000000  00001000  RWIX
  FLASH_BANK0_SEC8      00088000   00001000  00000000  00001000  RWIX
  FLASH_BANK0_SEC9      00089000   00001000  00000000  00001000  RWIX
  FLASH_BANK0_SEC10     0008a000   00001000  00000000  00001000  RWIX
  FLASH_BANK0_SEC11     0008b000   00001000  00000000  00001000  RWIX
  FLASH_BANK0_SEC12     0008c000   00001000  00000000  00001000  RWIX
  FLASH_BANK0_SEC13     0008d000   00001000  00000000  00001000  RWIX
  FLASH_BANK0_SEC14     0008e000   00001000  00000000  00001000  RWIX
  FLASH_BANK0_SEC15     0008f000   00001000  00000000  00001000  RWIX
  FLASH_BANK1_SEC0      00090000   00001000  00000000  00001000  RWIX
  FLASH_BANK1_SEC1      00091000   00001000  00000000  00001000  RWIX
  FLASH_BANK1_SEC2      00092000   00001000  00000000  00001000  RWIX
  FLASH_BANK1_SEC3      00093000   00001000  00000000  00001000  RWIX
  FLASH_BANK1_SEC4      00094000   00001000  00000000  00001000  RWIX
  FLASH_BANK1_SEC5      00095000   00001000  00000000  00001000  RWIX
  FLASH_BANK1_SEC6      00096000   00001000  00000000  00001000  RWIX
  FLASH_BANK1_SEC7      00097000   00001000  00000000  00001000  RWIX
  FLASH_BANK1_SEC8      00098000   00001000  00000000  00001000  RWIX
  FLASH_BANK1_SEC9      00099000   00001000  00000000  00001000  RWIX
  FLASH_BANK1_SEC10     0009a000   00001000  00000000  00001000  RWIX
  FLASH_BANK1_SEC11     0009b000   00001000  00000000  00001000  RWIX
  FLASH_BANK1_SEC12     0009c000   00001000  00000000  00001000  RWIX
  FLASH_BANK1_SEC13     0009d000   00001000  00000000  00001000  RWIX
  FLASH_BANK1_SEC14     0009e000   00001000  00000000  00001000  RWIX
  FLASH_BANK1_SEC15     0009f000   00000ff0  00000000  00000ff0  RWIX
  RESET                 003fffc0   00000002  00000000  00000002  RWIX

PAGE 1:
  BOOT_RSVD             00000002   000000f1  00000000  000000f1  RWIX
  RAMM1                 00000400   000003f8  000003f8  00000000  RWIX
  RAMLS5                0000a800   00000800  00000056  000007aa  RWIX
  RAMLS6                0000b000   00000800  00000000  00000800  RWIX
  RAMLS7                0000b800   00000800  00000000  00000800  RWIX
  RAMGS0                0000c000   00002000  00000000  00002000  RWIX
  RAMGS1                0000e000   00002000  00000000  00002000  RWIX
  RAMGS2                00010000   00002000  00000000  00002000  RWIX
  RAMGS3                00012000   00001ff8  00000000  00001ff8  RWIX


SECTION ALLOCATION MAP

 output                                  attributes/
section   page    origin      length       input sections
--------  ----  ----------  ----------   ----------------
codestart 
*          0    00080000    00000002     
                  00080000    00000002     f28004x_codestartbranch.obj (codestart)

.cinit     0    00081134    00000024     
                  00081134    00000019     (.cinit..data.load) [load image, compression = lzss]
                  0008114d    00000001     --HOLE-- [fill = 0]
                  0008114e    00000004     (__TI_handler_table)
                  00081152    00000002     --HOLE-- [fill = 0]
                  00081154    00000004     (__TI_cinit_table)

.reset     0    003fffc0    00000000     DSECT

.stack     1    00000400    000003f8     UNINITIALIZED
                  00000400    000003f8     --HOLE--

.init_array 
*          0    00081000    00000000     UNINITIALIZED

.data      1    0000a800    00000056     UNINITIALIZED
                  0000a800    00000038     epwm_ex8_deadband.obj (.data)
                  0000a838    0000000a     epwm_ex8_deadband.obj (.data:c_avgt)
                  0000a842    0000000a     epwm_ex8_deadband.obj (.data:v_avgt)
                  0000a84c    00000006     rts2800_fpu32_eabi.lib : exit.c.obj (.data)
                  0000a852    00000002                            : _lock.c.obj (.data:_lock)
                  0000a854    00000002                            : _lock.c.obj (.data:_unlock)

.const     0    00084000    000001ee     
                  00084000    0000009b     driverlib_eabi.lib : flash.obj (.const:.string)
                  0008409b    00000001     --HOLE-- [fill = 0]
                  0008409c    0000009a                        : sysctl.obj (.const:.string)
                  00084136    00000098                        : gpio.obj (.const:.string)
                  000841ce    00000020     epwm_ex8_deadband.obj (.const)

.TI.ramfunc 
*          0    00081000    00000134     RUN ADDR = 00008000
                  00081000    00000044     driverlib_eabi.lib : flash.obj (.TI.ramfunc:Flash_initModule)
                  00081044    0000002d                        : flash.obj (.TI.ramfunc:Flash_setBankPowerMode)
                  00081071    00000024                        : flash.obj (.TI.ramfunc:Flash_setWaitstates)
                  00081095    0000001e                        : flash.obj (.TI.ramfunc:Flash_setPumpPowerMode)
                  000810b3    0000001a                        : flash.obj (.TI.ramfunc:Flash_disableCache)
                  000810cd    0000001a                        : flash.obj (.TI.ramfunc:Flash_disablePrefetch)
                  000810e7    00000019                        : flash.obj (.TI.ramfunc:Flash_enableCache)
                  00081100    00000019                        : flash.obj (.TI.ramfunc:Flash_enablePrefetch)
                  00081119    00000017                        : flash.obj (.TI.ramfunc:Flash_enableECC)
                  00081130    00000004                        : sysctl.obj (.TI.ramfunc)

.text.1    0    00082000    00001000     
                  00082000    000006ef     epwm_ex8_deadband.obj (.text)
                  000826ef    00000399     adc_board.obj (.text)
                  00082a88    000001d7     epwm_ex8_deadband.obj (.text:retain)
                  00082c5f    00000186     device.obj (.text)
                  00082de5    000000c7     driverlib_eabi.lib : sysctl.obj (.text:SysCtl_setClock)
                  00082eac    000000c0                        : sysctl.obj (.text:SysCtl_isPLLValid)
                  00082f6c    0000008b     rts2800_fpu32_eabi.lib : fd_div28.asm.obj (.text)
                  00082ff7    00000009                            : _lock.c.obj (.text)

.text.2    0    00083000    00000798     
                  00083000    0000009c     rts2800_fpu32_eabi.lib : fd_add28.asm.obj (.text)
                  0008309c    00000088                            : fs_div28.asm.obj (.text)
                  00083124    00000083                            : fd_mpy28.asm.obj (.text)
                  000831a7    0000007a     driverlib_eabi.lib : sysctl.obj (.text:DCC_setCounterSeeds)
                  00083221    0000005b                        : sysctl.obj (.text:SysCtl_selectOscSource)
                  0008327c    00000052                        : gpio.obj (.text:GPIO_setPadConfig)
                  000832ce    0000003d                        : interrupt.obj (.text:Interrupt_initModule)
                  0008330b    0000003b                        : gpio.obj (.text:GPIO_setAnalogMode)
                  00083346    00000037                        : gpio.obj (.text:GPIO_setPinConfig)
                  0008337d    00000034                        : interrupt.obj (.text:Interrupt_enable)
                  000833b1    00000031                        : gpio.obj (.text:GPIO_setDirectionMode)
                  000833e2    00000031     rts2800_fpu32_eabi.lib : copy_decompress_lzss.c.obj (.text:decompress:lzss)
                  00083413    0000002b                            : autoinit.c.obj (.text:__TI_auto_init_nobinit_nopinit)
                  0008343e    00000029                            : exit.c.obj (.text)
                  00083467    00000028     driverlib_eabi.lib : adc.obj (.text:ADC_setOffsetTrimAll)
                  0008348f    00000026                        : sysctl.obj (.text:SysCtl_pollX1Counter)
                  000834b5    00000025                        : sysctl.obj (.text:DCC_enableSingleShotMode)
                  000834da    00000024                        : sysctl.obj (.text:SysCtl_selectXTAL)
                  000834fe    00000023     rts2800_fpu32_eabi.lib : fd_tofsfpu32.asm.obj (.text)
                  00083521    0000001f     driverlib_eabi.lib : sysctl.obj (.text:DCC_setCounter1ClkSource)
                  00083540    0000001e                        : interrupt.obj (.text:Interrupt_initVectorTable)
                  0008355e    0000001d                        : sysctl.obj (.text:DCC_setCounter0ClkSource)
                  0008357b    0000001d     rts2800_fpu32_eabi.lib : i_tofd28.asm.obj (.text)
                  00083598    0000001d                            : memcpy.c.obj (.text)
                  000835b5    0000001c                            : fs_tofdfpu32.asm.obj (.text)
                  000835d1    0000001a     driverlib_eabi.lib : sysctl.obj (.text:SysCtl_selectXTALSingleEnded)
                  000835eb    00000017                        : sysctl.obj (.text:DCC_disableDoneSignal)
                  00083602    00000017                        : sysctl.obj (.text:DCC_enableDoneSignal)
                  00083619    00000017                        : sysctl.obj (.text:SysCtl_enablePeripheral)
                  00083630    00000017     rts2800_fpu32_eabi.lib : boot28.asm.obj (.text)
                  00083647    00000017                            : u_tofd28.asm.obj (.text)
                  0008365e    00000016     driverlib_eabi.lib : sysctl.obj (.text:DCC_clearDoneFlag)
                  00083674    00000016                        : sysctl.obj (.text:DCC_clearErrorFlag)
                  0008368a    00000016                        : sysctl.obj (.text:DCC_disableErrorSignal)
                  000836a0    00000016                        : sysctl.obj (.text:DCC_enableErrorSignal)
                  000836b6    00000014                        : sysctl.obj (.text:DCC_disableModule)
                  000836ca    00000014                        : sysctl.obj (.text:DCC_enableModule)
                  000836de    00000014                        : gpio.obj (.text:GPIO_isPinValid)
                  000836f2    00000010                        : sysctl.obj (.text:DCC_isBaseValid)
                  00083702    00000010                        : flash.obj (.text:Flash_isCtrlBaseValid)
                  00083712    00000010                        : flash.obj (.text:Flash_isECCBaseValid)
                  00083722    0000000e                        : interrupt.obj (.text:Interrupt_defaultHandler)
                  00083730    0000000e     rts2800_fpu32_eabi.lib : fd_sub28.asm.obj (.text)
                  0008373e    0000000d     driverlib_eabi.lib : interrupt.obj (.text:Interrupt_disableMaster)
                  0008374b    0000000d                        : interrupt.obj (.text:Interrupt_enableMaster)
                  00083758    0000000c     rts2800_fpu32_eabi.lib : args_main.c.obj (.text)
                  00083764    0000000b     driverlib_eabi.lib : sysctl.obj (.text:SysCtl_isMCDClockFailureDetected)
                  0008376f    0000000b     rts2800_fpu32_eabi.lib : u_div28.asm.obj (.text)
                  0008377a    00000008                            : copy_decompress_none.c.obj (.text:decompress:none)
                  00083782    00000008     f28004x_codestartbranch.obj (.text)
                  0008378a    00000007     driverlib_eabi.lib : sysctl.obj (.text:SysCtl_resetMCD)
                  00083791    00000002                        : interrupt.obj (.text:Interrupt_illegalOperationHandler)
                  00083793    00000002                        : interrupt.obj (.text:Interrupt_nmiHandler)
                  00083795    00000002     rts2800_fpu32_eabi.lib : pre_init.c.obj (.text)
                  00083797    00000001                            : startup.c.obj (.text)

MODULE SUMMARY

       Module                        code   ro data   rw data
       ------                        ----   -------   -------
    .\
       epwm_ex8_deadband.obj         2246   32        76     
    +--+-----------------------------+------+---------+---------+
       Total:                        2246   32        76     
                                                             
    .\adc\
       adc_board.obj                 921    0         0      
    +--+-----------------------------+------+---------+---------+
       Total:                        921    0         0      
                                                             
    .\device\
       device.obj                    390    0         0      
       f28004x_codestartbranch.obj   10     0         0      
    +--+-----------------------------+------+---------+---------+
       Total:                        400    0         0      
                                                             
    C:\ti\c2000\C2000Ware_4_00_00_00\driverlib\f28004x\driverlib\ccs\Debug\driverlib_eabi.lib
       sysctl.obj                    1040   154       0      
       flash.obj                     640    155       0      
       gpio.obj                      265    152       0      
       interrupt.obj                 187    0         0      
       adc.obj                       40     0         0      
    +--+-----------------------------+------+---------+---------+
       Total:                        2172   461       0      
                                                             
    D:\Programs\ti\ccs\tools\compiler\ti-cgt-c2000_21.6.0.LTS\lib\rts2800_fpu32_eabi.lib
       fd_add28.asm.obj              156    0         0      
       fd_div28.asm.obj              139    0         0      
       fs_div28.asm.obj              136    0         0      
       fd_mpy28.asm.obj              131    0         0      
       copy_decompress_lzss.c.obj    49     0         0      
       exit.c.obj                    41     0         6      
       autoinit.c.obj                43     0         0      
       fd_tofsfpu32.asm.obj          35     0         0      
       i_tofd28.asm.obj              29     0         0      
       memcpy.c.obj                  29     0         0      
       fs_tofdfpu32.asm.obj          28     0         0      
       boot28.asm.obj                23     0         0      
       u_tofd28.asm.obj              23     0         0      
       fd_sub28.asm.obj              14     0         0      
       _lock.c.obj                   9      0         4      
       args_main.c.obj               12     0         0      
       u_div28.asm.obj               11     0         0      
       copy_decompress_none.c.obj    8      0         0      
       pre_init.c.obj                2      0         0      
       startup.c.obj                 1      0         0      
    +--+-----------------------------+------+---------+---------+
       Total:                        919    0         10     
                                                             
       Stack:                        0      0         1016   
       Linker Generated:             0      33        0      
    +--+-----------------------------+------+---------+---------+
       Grand Total:                  6658   526       1102   


LINKER GENERATED COPY TABLES

__TI_cinit_table @ 00081154 records: 1, size/record: 4, table size: 4
	.data: load addr=00081134, load size=00000019 bytes, run addr=0000a800, run size=00000056 bytes, compression=lzss


LINKER GENERATED HANDLER TABLE

__TI_handler_table @ 0008114e records: 2, size/record: 2, table size: 4
	index: 0, handler: __TI_decompress_lzss
	index: 1, handler: __TI_decompress_none


GLOBAL DATA SYMBOLS: SORTED BY DATA PAGE

address     data page           name
--------    ----------------    ----
00000400      10 (00000400)     __stack

0000a800     2a0 (0000a800)     adcResult
0000a801     2a0 (0000a800)     fed_set
0000a802     2a0 (0000a800)     red_set
0000a803     2a0 (0000a800)     c_meas_at1
0000a804     2a0 (0000a800)     c_read_at1
0000a805     2a0 (0000a800)     c_overflow_at1
0000a806     2a0 (0000a800)     c_meas_at2
0000a807     2a0 (0000a800)     c_read_at2
0000a808     2a0 (0000a800)     c_overflow_at2
0000a809     2a0 (0000a800)     c_count
0000a80a     2a0 (0000a800)     v_meas_at1
0000a80b     2a0 (0000a800)     v_read_at1
0000a80c     2a0 (0000a800)     v_overflow_at1
0000a80d     2a0 (0000a800)     v_meas_at2
0000a80e     2a0 (0000a800)     v_read_at2
0000a80f     2a0 (0000a800)     v_overflow_at2
0000a810     2a0 (0000a800)     v_count
0000a811     2a0 (0000a800)     r_meas_at1
0000a812     2a0 (0000a800)     r_read_at1
0000a813     2a0 (0000a800)     r_overflow_at1
0000a814     2a0 (0000a800)     r_meas_at2
0000a815     2a0 (0000a800)     r_read_at2
0000a816     2a0 (0000a800)     r_overflow_at2
0000a817     2a0 (0000a800)     cont
0000a818     2a0 (0000a800)     drive
0000a81a     2a0 (0000a800)     EPWM_TIMER_TBPRD
0000a81c     2a0 (0000a800)     duty_cycle
0000a81e     2a0 (0000a800)     current_at1
0000a820     2a0 (0000a800)     current
0000a822     2a0 (0000a800)     c_avg
0000a824     2a0 (0000a800)     voltage_at1
0000a826     2a0 (0000a800)     voltage
0000a828     2a0 (0000a800)     v_avg
0000a82a     2a0 (0000a800)     ref_at1
0000a82c     2a0 (0000a800)     ref
0000a82e     2a0 (0000a800)     i_ba
0000a830     2a0 (0000a800)     Ap
0000a832     2a0 (0000a800)     u_o
0000a834     2a0 (0000a800)     dc_of
0000a838     2a0 (0000a800)     c_avgt

0000a842     2a1 (0000a840)     v_avgt
0000a84c     2a1 (0000a840)     __TI_enable_exit_profile_output
0000a84e     2a1 (0000a840)     __TI_cleanup_ptr
0000a850     2a1 (0000a840)     __TI_dtors_ptr
0000a852     2a1 (0000a840)     _lock
0000a854     2a1 (0000a840)     _unlock


GLOBAL SYMBOLS: SORTED ALPHABETICALLY BY Name 

page  address   name                           
----  -------   ----                           
0     000828ea  ADC_init2                      
0     00083467  ADC_setOffsetTrimAll           
0     00082a36  ASYSCTL_init2                  
1     0000a830  Ap                             
0     00082894  Board_init2                    
0     0008343e  C$$EXIT                        
0     00082cee  Device_enableAllPeripherals    
0     00082cb0  Device_init                    
0     00082dce  Device_initGPIO                
1     0000a81a  EPWM_TIMER_TBPRD               
0     000828c1  EPWM_Trigger_init              
0     000828c0  EPWM_init2                     
0     00008000  Flash_initModule               
0     0008330b  GPIO_setAnalogMode             
0     000833b1  GPIO_setDirectionMode          
0     0008327c  GPIO_setPadConfig              
0     00083346  GPIO_setPinConfig              
0     00082a3f  INTERRUPT_init2                
0     0008337d  Interrupt_enable               
0     000832ce  Interrupt_initModule           
0     00083540  Interrupt_initVectorTable      
0     000828a1  PinMux_init2                   
0     00081134  RamfuncsLoadEnd                
abs   00000134  RamfuncsLoadSize               
0     00081000  RamfuncsLoadStart              
0     00008134  RamfuncsRunEnd                 
abs   00000134  RamfuncsRunSize                
0     00008000  RamfuncsRunStart               
0     00008130  SysCtl_delay                   
0     00082eac  SysCtl_isPLLValid              
0     00083221  SysCtl_selectOscSource         
0     000834da  SysCtl_selectXTAL              
0     000835d1  SysCtl_selectXTALSingleEnded   
0     00082de5  SysCtl_setClock                
0     00081154  __TI_CINIT_Base                
0     00081158  __TI_CINIT_Limit               
0     00081158  __TI_CINIT_Warm                
0     0008114e  __TI_Handler_Table_Base        
0     00081152  __TI_Handler_Table_Limit       
1     000007f8  __TI_STACK_END                 
abs   000003f8  __TI_STACK_SIZE                
0     00083413  __TI_auto_init_nobinit_nopinit 
1     0000a84e  __TI_cleanup_ptr               
0     000833e2  __TI_decompress_lzss           
0     0008377a  __TI_decompress_none           
1     0000a850  __TI_dtors_ptr                 
1     0000a84c  __TI_enable_exit_profile_output
abs   ffffffff  __TI_pprof_out_hndl            
abs   ffffffff  __TI_prof_data_size            
abs   ffffffff  __TI_prof_data_start           
0     00083000  __c28xabi_addd                 
0     00082f6c  __c28xabi_divd                 
0     0008309c  __c28xabi_divf                 
0     0008376f  __c28xabi_divu                 
0     000834fe  __c28xabi_dtof                 
0     000835b5  __c28xabi_ftod                 
0     0008357b  __c28xabi_itod                 
0     00083774  __c28xabi_modu                 
0     00083124  __c28xabi_mpyd                 
0     00083730  __c28xabi_subd                 
0     00083647  __c28xabi_utod                 
n/a   UNDEFED   __c_args__                     
0     00082dde  __error__                      
1     00000400  __stack                        
0     00083758  _args_main                     
0     00083630  _c_int00                       
1     0000a852  _lock                          
0     00082fff  _nop                           
0     00082ffb  _register_lock                 
0     00082ff7  _register_unlock               
0     00083797  _system_post_cinit             
0     00083795  _system_pre_init               
1     0000a854  _unlock                        
0     0008343e  abort                          
0     00082ad6  adcCurrent1                    
0     00082bc1  adcCurrent2                    
0     00082b24  adcRef1                        
0     00082b72  adcRef2                        
1     0000a800  adcResult                      
0     00082a88  adcVoltage1                    
0     00082c10  adcVoltage2                    
1     0000a822  c_avg                          
1     0000a838  c_avgt                         
1     0000a809  c_count                        
1     0000a803  c_meas_at1                     
1     0000a806  c_meas_at2                     
1     0000a805  c_overflow_at1                 
1     0000a808  c_overflow_at2                 
1     0000a804  c_read_at1                     
1     0000a807  c_read_at2                     
0     00080000  code_start                     
1     0000a817  cont                           
1     0000a820  current                        
1     0000a81e  current_at1                    
1     0000a834  dc_of                          
1     0000a818  drive                          
1     0000a81c  duty_cycle                     
0     00083440  exit                           
1     0000a801  fed_set                        
1     0000a82e  i_ba                           
0     00082202  main                           
0     00083598  memcpy                         
1     0000a811  r_meas_at1                     
1     0000a814  r_meas_at2                     
1     0000a813  r_overflow_at1                 
1     0000a816  r_overflow_at2                 
1     0000a812  r_read_at1                     
1     0000a815  r_read_at2                     
1     0000a802  red_set                        
1     0000a82c  ref                            
1     0000a82a  ref_at1                        
0     000825da  setupEpwm1                     
0     0008266c  setupEpwm2                     
0     000825c6  syncEpwm                       
1     0000a832  u_o                            
1     0000a828  v_avg                          
1     0000a842  v_avgt                         
1     0000a810  v_count                        
1     0000a80a  v_meas_at1                     
1     0000a80d  v_meas_at2                     
1     0000a80c  v_overflow_at1                 
1     0000a80f  v_overflow_at2                 
1     0000a80b  v_read_at1                     
1     0000a80e  v_read_at2                     
1     0000a826  voltage                        
1     0000a824  voltage_at1                    


GLOBAL SYMBOLS: SORTED BY Symbol Address 

page  address   name                           
----  -------   ----                           
0     00008000  Flash_initModule               
0     00008000  RamfuncsRunStart               
0     00008130  SysCtl_delay                   
0     00008134  RamfuncsRunEnd                 
0     00080000  code_start                     
0     00081000  RamfuncsLoadStart              
0     00081134  RamfuncsLoadEnd                
0     0008114e  __TI_Handler_Table_Base        
0     00081152  __TI_Handler_Table_Limit       
0     00081154  __TI_CINIT_Base                
0     00081158  __TI_CINIT_Limit               
0     00081158  __TI_CINIT_Warm                
0     00082202  main                           
0     000825c6  syncEpwm                       
0     000825da  setupEpwm1                     
0     0008266c  setupEpwm2                     
0     00082894  Board_init2                    
0     000828a1  PinMux_init2                   
0     000828c0  EPWM_init2                     
0     000828c1  EPWM_Trigger_init              
0     000828ea  ADC_init2                      
0     00082a36  ASYSCTL_init2                  
0     00082a3f  INTERRUPT_init2                
0     00082a88  adcVoltage1                    
0     00082ad6  adcCurrent1                    
0     00082b24  adcRef1                        
0     00082b72  adcRef2                        
0     00082bc1  adcCurrent2                    
0     00082c10  adcVoltage2                    
0     00082cb0  Device_init                    
0     00082cee  Device_enableAllPeripherals    
0     00082dce  Device_initGPIO                
0     00082dde  __error__                      
0     00082de5  SysCtl_setClock                
0     00082eac  SysCtl_isPLLValid              
0     00082f6c  __c28xabi_divd                 
0     00082ff7  _register_unlock               
0     00082ffb  _register_lock                 
0     00082fff  _nop                           
0     00083000  __c28xabi_addd                 
0     0008309c  __c28xabi_divf                 
0     00083124  __c28xabi_mpyd                 
0     00083221  SysCtl_selectOscSource         
0     0008327c  GPIO_setPadConfig              
0     000832ce  Interrupt_initModule           
0     0008330b  GPIO_setAnalogMode             
0     00083346  GPIO_setPinConfig              
0     0008337d  Interrupt_enable               
0     000833b1  GPIO_setDirectionMode          
0     000833e2  __TI_decompress_lzss           
0     00083413  __TI_auto_init_nobinit_nopinit 
0     0008343e  C$$EXIT                        
0     0008343e  abort                          
0     00083440  exit                           
0     00083467  ADC_setOffsetTrimAll           
0     000834da  SysCtl_selectXTAL              
0     000834fe  __c28xabi_dtof                 
0     00083540  Interrupt_initVectorTable      
0     0008357b  __c28xabi_itod                 
0     00083598  memcpy                         
0     000835b5  __c28xabi_ftod                 
0     000835d1  SysCtl_selectXTALSingleEnded   
0     00083630  _c_int00                       
0     00083647  __c28xabi_utod                 
0     00083730  __c28xabi_subd                 
0     00083758  _args_main                     
0     0008376f  __c28xabi_divu                 
0     00083774  __c28xabi_modu                 
0     0008377a  __TI_decompress_none           
0     00083795  _system_pre_init               
0     00083797  _system_post_cinit             
1     00000400  __stack                        
1     000007f8  __TI_STACK_END                 
1     0000a800  adcResult                      
1     0000a801  fed_set                        
1     0000a802  red_set                        
1     0000a803  c_meas_at1                     
1     0000a804  c_read_at1                     
1     0000a805  c_overflow_at1                 
1     0000a806  c_meas_at2                     
1     0000a807  c_read_at2                     
1     0000a808  c_overflow_at2                 
1     0000a809  c_count                        
1     0000a80a  v_meas_at1                     
1     0000a80b  v_read_at1                     
1     0000a80c  v_overflow_at1                 
1     0000a80d  v_meas_at2                     
1     0000a80e  v_read_at2                     
1     0000a80f  v_overflow_at2                 
1     0000a810  v_count                        
1     0000a811  r_meas_at1                     
1     0000a812  r_read_at1                     
1     0000a813  r_overflow_at1                 
1     0000a814  r_meas_at2                     
1     0000a815  r_read_at2                     
1     0000a816  r_overflow_at2                 
1     0000a817  cont                           
1     0000a818  drive                          
1     0000a81a  EPWM_TIMER_TBPRD               
1     0000a81c  duty_cycle                     
1     0000a81e  current_at1                    
1     0000a820  current                        
1     0000a822  c_avg                          
1     0000a824  voltage_at1                    
1     0000a826  voltage                        
1     0000a828  v_avg                          
1     0000a82a  ref_at1                        
1     0000a82c  ref                            
1     0000a82e  i_ba                           
1     0000a830  Ap                             
1     0000a832  u_o                            
1     0000a834  dc_of                          
1     0000a838  c_avgt                         
1     0000a842  v_avgt                         
1     0000a84c  __TI_enable_exit_profile_output
1     0000a84e  __TI_cleanup_ptr               
1     0000a850  __TI_dtors_ptr                 
1     0000a852  _lock                          
1     0000a854  _unlock                        
abs   00000134  RamfuncsLoadSize               
abs   00000134  RamfuncsRunSize                
abs   000003f8  __TI_STACK_SIZE                
abs   ffffffff  __TI_pprof_out_hndl            
abs   ffffffff  __TI_prof_data_size            
abs   ffffffff  __TI_prof_data_start           
n/a   UNDEFED   __c_args__                     

[126 symbols]
